Component: Arm Compiler for Embedded 6.21 Tool: armlink [5ec1fa00]

==============================================================================

Section Cross References

    startup_MG32x02z.o(RESET) refers to startup_MG32x02z.o(STACK) for __initial_sp
    startup_MG32x02z.o(RESET) refers to startup_MG32x02z.o(.text) for MG32x02z_IEC60730_MANAGER
    startup_MG32x02z.o(RESET) refers to MG32x02z_RGB_API.o(.text.TM10_IRQHandler) for TM10_IRQHandler
    startup_MG32x02z.o(RESET) refers to MG32x02z_RGB_MBIA045_API.o(.text.URT123_IRQHandler) for URT123_IRQHandler
    startup_MG32x02z.o(RESET) refers to MG32x02z_RGB_MBIA045_API.o(.text.SPI0_IRQHandler) for SPI0_IRQHandler
    startup_MG32x02z.o(.text) refers to system_MG32x02z.o(.text.SystemInit) for SystemInit
    startup_MG32x02z.o(.text) refers to entry.o(.ARM.Collect$$$$00000000) for __main
    startup_MG32x02z.o(.text) refers to system_MG32x02z.o(.text.HardFault_Handler_C) for HardFault_Handler_C
    MG32x02z_ADC_DRV.o(.ARM.exidx.text.ADC_DeInit) refers to MG32x02z_ADC_DRV.o(.text.ADC_DeInit) for [Anonymous Symbol]
    MG32x02z_ADC_DRV.o(.ARM.exidx.text.ADC_BaseStructure_Init) refers to MG32x02z_ADC_DRV.o(.text.ADC_BaseStructure_Init) for [Anonymous Symbol]
    MG32x02z_ADC_DRV.o(.text.ADC_Base_Init) refers to MG32x02z_ADC_DRV.o(.text.ADC_ClockSource_Select) for ADC_ClockSource_Select
    MG32x02z_ADC_DRV.o(.text.ADC_Base_Init) refers to MG32x02z_ADC_DRV.o(.text.ADC_SetInternalClockDivider) for ADC_SetInternalClockDivider
    MG32x02z_ADC_DRV.o(.text.ADC_Base_Init) refers to MG32x02z_ADC_DRV.o(.text.ADC_SetPLLClockDivider) for ADC_SetPLLClockDivider
    MG32x02z_ADC_DRV.o(.text.ADC_Base_Init) refers to MG32x02z_ADC_DRV.o(.text.ADC_DataAlignment_Select) for ADC_DataAlignment_Select
    MG32x02z_ADC_DRV.o(.text.ADC_Base_Init) refers to MG32x02z_ADC_DRV.o(.text.ADC_DataResolution_Select) for ADC_DataResolution_Select
    MG32x02z_ADC_DRV.o(.text.ADC_Base_Init) refers to MG32x02z_ADC_DRV.o(.text.ADC_DataOverrunMode_Select) for ADC_DataOverrunMode_Select
    MG32x02z_ADC_DRV.o(.text.ADC_Base_Init) refers to MG32x02z_ADC_DRV.o(.text.ADC_SetConversionTime) for ADC_SetConversionTime
    MG32x02z_ADC_DRV.o(.text.ADC_Base_Init) refers to MG32x02z_ADC_DRV.o(.text.ADC_SetOperationCurrent) for ADC_SetOperationCurrent
    MG32x02z_ADC_DRV.o(.text.ADC_Base_Init) refers to MG32x02z_ADC_DRV.o(.text.ADC_SampleClockPhase_Select) for ADC_SampleClockPhase_Select
    MG32x02z_ADC_DRV.o(.ARM.exidx.text.ADC_Base_Init) refers to MG32x02z_ADC_DRV.o(.text.ADC_Base_Init) for [Anonymous Symbol]
    MG32x02z_ADC_DRV.o(.ARM.exidx.text.ADC_ClockSource_Select) refers to MG32x02z_ADC_DRV.o(.text.ADC_ClockSource_Select) for [Anonymous Symbol]
    MG32x02z_ADC_DRV.o(.ARM.exidx.text.ADC_SetInternalClockDivider) refers to MG32x02z_ADC_DRV.o(.text.ADC_SetInternalClockDivider) for [Anonymous Symbol]
    MG32x02z_ADC_DRV.o(.ARM.exidx.text.ADC_SetPLLClockDivider) refers to MG32x02z_ADC_DRV.o(.text.ADC_SetPLLClockDivider) for [Anonymous Symbol]
    MG32x02z_ADC_DRV.o(.ARM.exidx.text.ADC_DataAlignment_Select) refers to MG32x02z_ADC_DRV.o(.text.ADC_DataAlignment_Select) for [Anonymous Symbol]
    MG32x02z_ADC_DRV.o(.ARM.exidx.text.ADC_DataResolution_Select) refers to MG32x02z_ADC_DRV.o(.text.ADC_DataResolution_Select) for [Anonymous Symbol]
    MG32x02z_ADC_DRV.o(.ARM.exidx.text.ADC_DataOverrunMode_Select) refers to MG32x02z_ADC_DRV.o(.text.ADC_DataOverrunMode_Select) for [Anonymous Symbol]
    MG32x02z_ADC_DRV.o(.ARM.exidx.text.ADC_SetConversionTime) refers to MG32x02z_ADC_DRV.o(.text.ADC_SetConversionTime) for [Anonymous Symbol]
    MG32x02z_ADC_DRV.o(.ARM.exidx.text.ADC_SetOperationCurrent) refers to MG32x02z_ADC_DRV.o(.text.ADC_SetOperationCurrent) for [Anonymous Symbol]
    MG32x02z_ADC_DRV.o(.ARM.exidx.text.ADC_SampleClockPhase_Select) refers to MG32x02z_ADC_DRV.o(.text.ADC_SampleClockPhase_Select) for [Anonymous Symbol]
    MG32x02z_ADC_DRV.o(.ARM.exidx.text.ADC_SetLowerThreshold) refers to MG32x02z_ADC_DRV.o(.text.ADC_SetLowerThreshold) for [Anonymous Symbol]
    MG32x02z_ADC_DRV.o(.ARM.exidx.text.ADC_SetHigherThreshold) refers to MG32x02z_ADC_DRV.o(.text.ADC_SetHigherThreshold) for [Anonymous Symbol]
    MG32x02z_ADC_DRV.o(.ARM.exidx.text.ADC_WindowDetectRange_Select) refers to MG32x02z_ADC_DRV.o(.text.ADC_WindowDetectRange_Select) for [Anonymous Symbol]
    MG32x02z_ADC_DRV.o(.ARM.exidx.text.ADC_WindowDetect_Cmd) refers to MG32x02z_ADC_DRV.o(.text.ADC_WindowDetect_Cmd) for [Anonymous Symbol]
    MG32x02z_ADC_DRV.o(.ARM.exidx.text.ADC_Output_Select) refers to MG32x02z_ADC_DRV.o(.text.ADC_Output_Select) for [Anonymous Symbol]
    MG32x02z_ADC_DRV.o(.ARM.exidx.text.ADC_PGA_Cmd) refers to MG32x02z_ADC_DRV.o(.text.ADC_PGA_Cmd) for [Anonymous Symbol]
    MG32x02z_ADC_DRV.o(.ARM.exidx.text.ADC_SetPGAGain) refers to MG32x02z_ADC_DRV.o(.text.ADC_SetPGAGain) for [Anonymous Symbol]
[...]
    main.c                                   0x00000000   Number         0  main.o ABSOLUTE
    system_MG32x02z.c                        0x00000000   Number         0  system_MG32x02z.o ABSOLUTE
    RESET                                    0x00000000   Section      192  startup_MG32x02z.o(RESET)
    .ARM.Collect$$$$00000000                 0x000000c0   Section        0  entry.o(.ARM.Collect$$$$00000000)
    .ARM.Collect$$$$00000001                 0x000000c0   Section        4  entry2.o(.ARM.Collect$$$$00000001)
    .ARM.Collect$$$$00000004                 0x000000c4   Section        4  entry5.o(.ARM.Collect$$$$00000004)
    .ARM.Collect$$$$00000008                 0x000000c8   Section        0  entry7b.o(.ARM.Collect$$$$00000008)
    .ARM.Collect$$$$0000000A                 0x000000c8   Section        0  entry8b.o(.ARM.Collect$$$$0000000A)
    .ARM.Collect$$$$0000000B                 0x000000c8   Section        8  entry9a.o(.ARM.Collect$$$$0000000B)
    __lit__00000000                          0x000000d0   Data           4  entry2.o(.ARM.Collect$$$$00002712)
    .ARM.Collect$$$$0000000D                 0x000000d0   Section        0  entry10a.o(.ARM.Collect$$$$0000000D)
    .ARM.Collect$$$$0000000F                 0x000000d0   Section        0  entry11a.o(.ARM.Collect$$$$0000000F)
    .ARM.Collect$$$$00002712                 0x000000d0   Section        4  entry2.o(.ARM.Collect$$$$00002712)
    .text                                    0x000000d4   Section       60  startup_MG32x02z.o(.text)
    .text                                    0x00000110   Section        0  memseta.o(.text)
    .text                                    0x00000134   Section        0  dadd.o(.text)
    .text                                    0x00000298   Section        0  dmul.o(.text)
    .text                                    0x00000368   Section        0  uidiv_div0.o(.text)
    .text                                    0x000003a6   Section        0  uldiv.o(.text)
    .text                                    0x00000406   Section        0  llshl.o(.text)
    .text                                    0x00000426   Section        0  llsshr.o(.text)
    .text                                    0x0000044c   Section        0  iusefp.o(.text)
    .text                                    0x0000044c   Section        0  depilogue.o(.text)
    .text                                    0x0000050c   Section        0  ddiv.o(.text)
    .text                                    0x000005fc   Section        0  dfixul.o(.text)
    .text                                    0x0000063c   Section       40  cdrcmple.o(.text)
    .text                                    0x00000664   Section       48  init.o(.text)
    .text                                    0x00000694   Section        0  semi.o(.text)
    .text                                    0x00000694   Section        0  llushr.o(.text)
    .text                                    0x000006b6   Section        0  iusesemip.o(.text)
    [Anonymous Symbol]                       0x000006b8   Section        0  MG32x02z_RGB_API.o(.text.API_AllRGB_OFF)
    __arm_cp.0_0                             0x000006d0   Number         4  MG32x02z_RGB_API.o(.text.API_AllRGB_OFF)
    __arm_cp.0_1                             0x000006d4   Number         4  MG32x02z_RGB_API.o(.text.API_AllRGB_OFF)
    __arm_cp.0_2                             0x000006d8   Number         4  MG32x02z_RGB_API.o(.text.API_AllRGB_OFF)
    API_MBIA045_EnableWriteConfiguration_Trigger 0x000006dd   Thumb Code    44  MG32x02z_RGB_MBIA045_API.o(.text.API_MBIA045_EnableWriteConfiguration_Trigger)
    [Anonymous Symbol]                       0x000006dc   Section        0  MG32x02z_RGB_MBIA045_API.o(.text.API_MBIA045_EnableWriteConfiguration_Trigger)
    __arm_cp.4_1                             0x00000708   Number         4  MG32x02z_RGB_MBIA045_API.o(.text.API_MBIA045_EnableWriteConfiguration_Trigger)
    API_MBIA045_GlobalLatch_Trigger          0x0000070d   Thumb Code   112  MG32x02z_RGB_MBIA045_API.o(.text.API_MBIA045_GlobalLatch_Trigger)
    [Anonymous Symbol]                       0x0000070c   Section        0  MG32x02z_RGB_MBIA045_API.o(.text.API_MBIA045_GlobalLatch_Trigger)
    __arm_cp.9_3                             0x0000077c   Number         4  MG32x02z_RGB_MBIA045_API.o(.text.API_MBIA045_GlobalLatch_Trigger)
    __arm_cp.9_4                             0x00000780   Number         4  MG32x02z_RGB_MBIA045_API.o(.text.API_MBIA045_GlobalLatch_Trigger)
    __arm_cp.9_5                             0x00000784   Number         4  MG32x02z_RGB_MBIA045_API.o(.text.API_MBIA045_GlobalLatch_Trigger)
    __arm_cp.9_6                             0x00000788   Number         4  MG32x02z_RGB_MBIA045_API.o(.text.API_MBIA045_GlobalLatch_Trigger)
    API_MBIA045_WriteConfiguration_Trigger   0x0000078d   Thumb Code   136  MG32x02z_RGB_MBIA045_API.o(.text.API_MBIA045_WriteConfiguration_Trigger)
    [Anonymous Symbol]                       0x0000078c   Section        0  MG32x02z_RGB_MBIA045_API.o(.text.API_MBIA045_WriteConfiguration_Trigger)
    __arm_cp.5_0                             0x00000814   Number         4  MG32x02z_RGB_MBIA045_API.o(.text.API_MBIA045_WriteConfiguration_Trigger)
    __arm_cp.5_1                             0x00000818   Number         4  MG32x02z_RGB_MBIA045_API.o(.text.API_MBIA045_WriteConfiguration_Trigger)
    __arm_cp.5_2                             0x0000081c   Number         4  MG32x02z_RGB_MBIA045_API.o(.text.API_MBIA045_WriteConfiguration_Trigger)
    [Anonymous Symbol]                       0x00000820   Section        0  MG32x02z_RGB_MBIA045_API.o(.text.API_RGBLedControlParameter_Init)
    __arm_cp.1_0                             0x00000830   Number         4  MG32x02z_RGB_MBIA045_API.o(.text.API_RGBLedControlParameter_Init)
    __arm_cp.1_1                             0x00000834   Number         4  MG32x02z_RGB_MBIA045_API.o(.text.API_RGBLedControlParameter_Init)
    __arm_cp.1_2                             0x00000838   Number         4  MG32x02z_RGB_MBIA045_API.o(.text.API_RGBLedControlParameter_Init)
    [Anonymous Symbol]                       0x0000083c   Section        0  MG32x02z_RGB_MBIA045_API.o(.text.API_RGBLedDriverData_DeInit)
    __arm_cp.0_0                             0x00000864   Number         4  MG32x02z_RGB_MBIA045_API.o(.text.API_RGBLedDriverData_DeInit)
    [Anonymous Symbol]                       0x00000868   Section        0  MG32x02z_RGB_MBIA045_API.o(.text.API_RGBLed_Init)
    __arm_cp.2_0                             0x00000978   Number         4  MG32x02z_RGB_MBIA045_API.o(.text.API_RGBLed_Init)
    __arm_cp.2_1                             0x0000097c   Number         4  MG32x02z_RGB_MBIA045_API.o(.text.API_RGBLed_Init)
    __arm_cp.2_2                             0x00000980   Number         4  MG32x02z_RGB_MBIA045_API.o(.text.API_RGBLed_Init)
    __arm_cp.2_3                             0x00000984   Number         4  MG32x02z_RGB_MBIA045_API.o(.text.API_RGBLed_Init)
    __arm_cp.2_4                             0x00000988   Number         4  MG32x02z_RGB_MBIA045_API.o(.text.API_RGBLed_Init)
    [Anonymous Symbol]                       0x0000098c   Section        0  MG32x02z_RGB_API.o(.text.API_RGB_ControlParameter_Init)
    __arm_cp.2_0                             0x00000a34   Number         4  MG32x02z_RGB_API.o(.text.API_RGB_ControlParameter_Init)
    __arm_cp.2_1                             0x00000a38   Number         4  MG32x02z_RGB_API.o(.text.API_RGB_ControlParameter_Init)
    [Anonymous Symbol]                       0x00000a3c   Section        0  MG32x02z_RGB_API.o(.text.API_RGB_Data_DeInit)
    __arm_cp.1_1                             0x00000ab4   Number         4  MG32x02z_RGB_API.o(.text.API_RGB_Data_DeInit)
    __arm_cp.1_2                             0x00000ab8   Number         4  MG32x02z_RGB_API.o(.text.API_RGB_Data_DeInit)
    __arm_cp.1_3                             0x00000abc   Number         4  MG32x02z_RGB_API.o(.text.API_RGB_Data_DeInit)
    [Anonymous Symbol]                       0x00000ac0   Section        0  MG32x02z_RGB_API.o(.text.API_RGB_Init)
    __arm_cp.3_0                             0x00000da4   Number         4  MG32x02z_RGB_API.o(.text.API_RGB_Init)
    __arm_cp.3_1                             0x00000da8   Number         4  MG32x02z_RGB_API.o(.text.API_RGB_Init)
    __arm_cp.3_2                             0x00000dac   Number         4  MG32x02z_RGB_API.o(.text.API_RGB_Init)
    __arm_cp.3_3                             0x00000db0   Number         4  MG32x02z_RGB_API.o(.text.API_RGB_Init)
    __arm_cp.3_4                             0x00000db4   Number         4  MG32x02z_RGB_API.o(.text.API_RGB_Init)
    __arm_cp.3_5                             0x00000db8   Number         4  MG32x02z_RGB_API.o(.text.API_RGB_Init)
    __arm_cp.3_6                             0x00000dbc   Number         4  MG32x02z_RGB_API.o(.text.API_RGB_Init)
    __arm_cp.3_7                             0x00000dc0   Number         4  MG32x02z_RGB_API.o(.text.API_RGB_Init)
    [Anonymous Symbol]                       0x00000dc4   Section        0  MG32x02z_RGB_API.o(.text.API_RGB_Mode_Config)
    __arm_cp.5_0                             0x00001068   Number         4  MG32x02z_RGB_API.o(.text.API_RGB_Mode_Config)
    __arm_cp.5_1                             0x0000106c   Number         4  MG32x02z_RGB_API.o(.text.API_RGB_Mode_Config)
    __arm_cp.5_2                             0x00001070   Number         4  MG32x02z_RGB_API.o(.text.API_RGB_Mode_Config)
    __arm_cp.5_3                             0x00001074   Number         4  MG32x02z_RGB_API.o(.text.API_RGB_Mode_Config)
    __arm_cp.5_4                             0x00001078   Number         4  MG32x02z_RGB_API.o(.text.API_RGB_Mode_Config)
    __arm_cp.5_5                             0x0000107c   Number         4  MG32x02z_RGB_API.o(.text.API_RGB_Mode_Config)
    __arm_cp.5_6                             0x00001080   Number         4  MG32x02z_RGB_API.o(.text.API_RGB_Mode_Config)
    __arm_cp.5_7                             0x00001084   Number         4  MG32x02z_RGB_API.o(.text.API_RGB_Mode_Config)
    __arm_cp.5_8                             0x00001088   Number         4  MG32x02z_RGB_API.o(.text.API_RGB_Mode_Config)
    __arm_cp.5_9                             0x0000108c   Number         4  MG32x02z_RGB_API.o(.text.API_RGB_Mode_Config)
    __arm_cp.5_10                            0x00001090   Number         4  MG32x02z_RGB_API.o(.text.API_RGB_Mode_Config)
    __arm_cp.5_11                            0x00001094   Number         4  MG32x02z_RGB_API.o(.text.API_RGB_Mode_Config)
    __arm_cp.5_12                            0x00001098   Number         4  MG32x02z_RGB_API.o(.text.API_RGB_Mode_Config)
    __arm_cp.5_13                            0x0000109c   Number         4  MG32x02z_RGB_API.o(.text.API_RGB_Mode_Config)
    __arm_cp.5_14                            0x000010a0   Number         4  MG32x02z_RGB_API.o(.text.API_RGB_Mode_Config)
    __arm_cp.5_15                            0x000010a4   Number         4  MG32x02z_RGB_API.o(.text.API_RGB_Mode_Config)
    [Anonymous Symbol]                       0x000010a8   Section        0  MG32x02z_RGB_MBIA045_API.o(.text.API_RGB_UpdateDataTrigger)
    __arm_cp.6_0                             0x000011f8   Number         4  MG32x02z_RGB_MBIA045_API.o(.text.API_RGB_UpdateDataTrigger)
    __arm_cp.6_1                             0x000011fc   Number         4  MG32x02z_RGB_MBIA045_API.o(.text.API_RGB_UpdateDataTrigger)
    __arm_cp.6_2                             0x00001200   Number         4  MG32x02z_RGB_MBIA045_API.o(.text.API_RGB_UpdateDataTrigger)
    __arm_cp.6_3                             0x00001204   Number         4  MG32x02z_RGB_MBIA045_API.o(.text.API_RGB_UpdateDataTrigger)
    __arm_cp.6_4                             0x00001208   Number         4  MG32x02z_RGB_MBIA045_API.o(.text.API_RGB_UpdateDataTrigger)
    __arm_cp.6_5                             0x0000120c   Number         4  MG32x02z_RGB_MBIA045_API.o(.text.API_RGB_UpdateDataTrigger)
    __arm_cp.6_6                             0x00001210   Number         4  MG32x02z_RGB_MBIA045_API.o(.text.API_RGB_UpdateDataTrigger)
    __arm_cp.6_7                             0x00001214   Number         4  MG32x02z_RGB_MBIA045_API.o(.text.API_RGB_UpdateDataTrigger)
    __arm_cp.6_8                             0x00001218   Number         4  MG32x02z_RGB_MBIA045_API.o(.text.API_RGB_UpdateDataTrigger)
    __arm_cp.6_9                             0x0000121c   Number         4  MG32x02z_RGB_MBIA045_API.o(.text.API_RGB_UpdateDataTrigger)
    __arm_cp.6_10                            0x00001220   Number         4  MG32x02z_RGB_MBIA045_API.o(.text.API_RGB_UpdateDataTrigger)
    __arm_cp.6_11                            0x00001224   Number         4  MG32x02z_RGB_MBIA045_API.o(.text.API_RGB_UpdateDataTrigger)
    __arm_cp.6_12                            0x00001228   Number         4  MG32x02z_RGB_MBIA045_API.o(.text.API_RGB_UpdateDataTrigger)
    __arm_cp.6_13                            0x0000122c   Number         4  MG32x02z_RGB_MBIA045_API.o(.text.API_RGB_UpdateDataTrigger)
    __arm_cp.6_14                            0x00001230   Number         4  MG32x02z_RGB_MBIA045_API.o(.text.API_RGB_UpdateDataTrigger)
    [Anonymous Symbol]                       0x00001234   Section        0  MG32x02z_CSC_Init.o(.text.CSC_IHRCO_Enable)
    [Anonymous Symbol]                       0x00001274   Section        0  MG32x02z_CSC_Init.o(.text.CSC_Init)
    __arm_cp.3_0                             0x000014b4   Number         4  MG32x02z_CSC_Init.o(.text.CSC_Init)
    __arm_cp.3_1                             0x000014b8   Number         4  MG32x02z_CSC_Init.o(.text.CSC_Init)
    __arm_cp.3_2                             0x000014bc   Number         4  MG32x02z_CSC_Init.o(.text.CSC_Init)
    __arm_cp.3_3                             0x000014c0   Number         4  MG32x02z_CSC_Init.o(.text.CSC_Init)
    __arm_cp.3_4                             0x000014c4   Number         4  MG32x02z_CSC_Init.o(.text.CSC_Init)
    __arm_cp.3_5                             0x000014c8   Number         4  MG32x02z_CSC_Init.o(.text.CSC_Init)
    __arm_cp.3_6                             0x000014cc   Number         4  MG32x02z_CSC_Init.o(.text.CSC_Init)
    __arm_cp.3_7                             0x000014d0   Number         4  MG32x02z_CSC_Init.o(.text.CSC_Init)
    __arm_cp.3_8                             0x000014d4   Number         4  MG32x02z_CSC_Init.o(.text.CSC_Init)
    __arm_cp.3_9                             0x000014d8   Number         4  MG32x02z_CSC_Init.o(.text.CSC_Init)
    __arm_cp.3_10                            0x000014dc   Number         4  MG32x02z_CSC_Init.o(.text.CSC_Init)
    __arm_cp.3_11                            0x000014e0   Number         4  MG32x02z_CSC_Init.o(.text.CSC_Init)
    __arm_cp.3_12                            0x000014e4   Number         4  MG32x02z_CSC_Init.o(.text.CSC_Init)
    __arm_cp.3_13                            0x000014e8   Number         4  MG32x02z_CSC_Init.o(.text.CSC_Init)
    __arm_cp.3_14                            0x000014ec   Number         4  MG32x02z_CSC_Init.o(.text.CSC_Init)
    __arm_cp.3_15                            0x000014f0   Number         4  MG32x02z_CSC_Init.o(.text.CSC_Init)
    __arm_cp.3_16                            0x000014f4   Number         4  MG32x02z_CSC_Init.o(.text.CSC_Init)
    __arm_cp.3_17                            0x000014f8   Number         4  MG32x02z_CSC_Init.o(.text.CSC_Init)
    __arm_cp.3_18                            0x000014fc   Number         4  MG32x02z_CSC_Init.o(.text.CSC_Init)
    __arm_cp.3_19                            0x00001500   Number         4  MG32x02z_CSC_Init.o(.text.CSC_Init)
    __arm_cp.3_20                            0x00001504   Number         4  MG32x02z_CSC_Init.o(.text.CSC_Init)
    __arm_cp.3_21                            0x00001508   Number         4  MG32x02z_CSC_Init.o(.text.CSC_Init)
    __arm_cp.3_22                            0x0000150c   Number         4  MG32x02z_CSC_Init.o(.text.CSC_Init)
    __arm_cp.3_23                            0x00001510   Number         4  MG32x02z_CSC_Init.o(.text.CSC_Init)
    __arm_cp.3_24                            0x00001514   Number         4  MG32x02z_CSC_Init.o(.text.CSC_Init)
    __arm_cp.3_25                            0x00001518   Number         4  MG32x02z_CSC_Init.o(.text.CSC_Init)
    __arm_cp.3_26                            0x0000151c   Number         4  MG32x02z_CSC_Init.o(.text.CSC_Init)
    __arm_cp.3_27                            0x00001520   Number         4  MG32x02z_CSC_Init.o(.text.CSC_Init)
    [Anonymous Symbol]                       0x00001524   Section        0  MG32x02z_ChipInit.o(.text.ChipInit)
    __arm_cp.0_0                             0x00001538   Number         4  MG32x02z_ChipInit.o(.text.ChipInit)
    [Anonymous Symbol]                       0x0000153c   Section        0  MG32x02z_DMA_DRV.o(.text.DMA_AutoIncreaseDestinationAddress)
    [Anonymous Symbol]                       0x0000155a   Section        0  MG32x02z_DMA_DRV.o(.text.DMA_AutoIncreaseSourceAddress)
    [Anonymous Symbol]                       0x00001578   Section        0  MG32x02z_DMA_DRV.o(.text.DMA_BaseInitStructure_Init)
    [Anonymous Symbol]                       0x000015d4   Section        0  MG32x02z_DMA_DRV.o(.text.DMA_Base_Init)
    [Anonymous Symbol]                       0x00001766   Section        0  MG32x02z_DMA_DRV.o(.text.DMA_Channel_Cmd)
    [Anonymous Symbol]                       0x00001784   Section        0  MG32x02z_DMA_DRV.o(.text.DMA_Cmd)
    __arm_cp.14_0                            0x000017a4   Number         4  MG32x02z_DMA_DRV.o(.text.DMA_Cmd)
    [Anonymous Symbol]                       0x000017a8   Section        0  MG32x02z_DMA_DRV.o(.text.DMA_Destination_Select)
    [Anonymous Symbol]                       0x000017c6   Section        0  MG32x02z_DMA_DRV.o(.text.DMA_LoopMode_Cmd)
    [Anonymous Symbol]                       0x000017e4   Section        0  MG32x02z_DMA_DRV.o(.text.DMA_SetBurstSize)
    [Anonymous Symbol]                       0x00001802   Section        0  MG32x02z_DMA_DRV.o(.text.DMA_SetDestinationAddress)
    [Anonymous Symbol]                       0x00001812   Section        0  MG32x02z_DMA_DRV.o(.text.DMA_SetExtTriggerMode)
    [Anonymous Symbol]                       0x00001830   Section        0  MG32x02z_DMA_DRV.o(.text.DMA_SetExtTriggerPin)
    [Anonymous Symbol]                       0x0000184e   Section        0  MG32x02z_DMA_DRV.o(.text.DMA_SetSourceAddress)
    [Anonymous Symbol]                       0x0000185e   Section        0  MG32x02z_DMA_DRV.o(.text.DMA_SetTransferDataNumber)
    [Anonymous Symbol]                       0x0000186e   Section        0  MG32x02z_DMA_DRV.o(.text.DMA_Source_Select)
    [Anonymous Symbol]                       0x0000188c   Section        0  MG32x02z_GPIO_DRV.o(.text.GPIO_ClearPortBit)
    [Anonymous Symbol]                       0x000018a0   Section        0  MG32x02z_GPIO_Init.o(.text.GPIO_Init)
    __arm_cp.0_0                             0x000018d0   Number         4  MG32x02z_GPIO_Init.o(.text.GPIO_Init)
    [Anonymous Symbol]                       0x000018d4   Section        0  MG32x02z_GPIO_DRV.o(.text.GPIO_PortMode_Config)
    [Anonymous Symbol]                       0x00001986   Section        0  MG32x02z_GPIO_DRV.o(.text.GPIO_SetPortBit)
    [Anonymous Symbol]                       0x00001998   Section        0  system_MG32x02z.o(.text.HardFault_Handler_C)
    __arm_cp.2_0                             0x00001a50   Number         4  system_MG32x02z.o(.text.HardFault_Handler_C)
    __arm_cp.2_1                             0x00001a54   Number         4  system_MG32x02z.o(.text.HardFault_Handler_C)
    __arm_cp.2_2                             0x00001a58   Number         4  system_MG32x02z.o(.text.HardFault_Handler_C)
    __arm_cp.2_3                             0x00001a5c   Number         4  system_MG32x02z.o(.text.HardFault_Handler_C)
    __arm_cp.2_4                             0x00001a60   Number         4  system_MG32x02z.o(.text.HardFault_Handler_C)
    __arm_cp.2_5                             0x00001a64   Number         4  system_MG32x02z.o(.text.HardFault_Handler_C)
    __arm_cp.2_6                             0x00001a68   Number         4  system_MG32x02z.o(.text.HardFault_Handler_C)
    __arm_cp.2_7                             0x00001a6c   Number         4  system_MG32x02z.o(.text.HardFault_Handler_C)
    __arm_cp.2_8                             0x00001a70   Number         4  system_MG32x02z.o(.text.HardFault_Handler_C)
    __arm_cp.2_9                             0x00001a74   Number         4  system_MG32x02z.o(.text.HardFault_Handler_C)
    __arm_cp.2_10                            0x00001a78   Number         4  system_MG32x02z.o(.text.HardFault_Handler_C)
    __arm_cp.2_11                            0x00001a7c   Number         4  system_MG32x02z.o(.text.HardFault_Handler_C)
    __arm_cp.2_12                            0x00001a80   Number         4  system_MG32x02z.o(.text.HardFault_Handler_C)
    __arm_cp.2_13                            0x00001a84   Number         4  system_MG32x02z.o(.text.HardFault_Handler_C)
    __arm_cp.2_14                            0x00001a88   Number         4  system_MG32x02z.o(.text.HardFault_Handler_C)
    __arm_cp.2_15                            0x00001a8c   Number         4  system_MG32x02z.o(.text.HardFault_Handler_C)
    __arm_cp.2_16                            0x00001a90   Number         4  system_MG32x02z.o(.text.HardFault_Handler_C)
    __arm_cp.2_17                            0x00001a94   Number         4  system_MG32x02z.o(.text.HardFault_Handler_C)
    [Anonymous Symbol]                       0x00001a98   Section        0  MG32x02z_RGB_MBIA045_API.o(.text.SPI0_IRQHandler)
    __arm_cp.7_0                             0x00001b70   Number         4  MG32x02z_RGB_MBIA045_API.o(.text.SPI0_IRQHandler)
    __arm_cp.7_1                             0x00001b74   Number         4  MG32x02z_RGB_MBIA045_API.o(.text.SPI0_IRQHandler)
    __arm_cp.7_2                             0x00001b78   Number         4  MG32x02z_RGB_MBIA045_API.o(.text.SPI0_IRQHandler)
    __arm_cp.7_3                             0x00001b7c   Number         4  MG32x02z_RGB_MBIA045_API.o(.text.SPI0_IRQHandler)
    __arm_cp.7_4                             0x00001b80   Number         4  MG32x02z_RGB_MBIA045_API.o(.text.SPI0_IRQHandler)
    __arm_cp.7_5                             0x00001b84   Number         4  MG32x02z_RGB_MBIA045_API.o(.text.SPI0_IRQHandler)
    __arm_cp.7_6                             0x00001b88   Number         4  MG32x02z_RGB_MBIA045_API.o(.text.SPI0_IRQHandler)
    __arm_cp.7_7                             0x00001b8c   Number         4  MG32x02z_RGB_MBIA045_API.o(.text.SPI0_IRQHandler)
    __arm_cp.7_8                             0x00001b90   Number         4  MG32x02z_RGB_MBIA045_API.o(.text.SPI0_IRQHandler)
    __arm_cp.7_9                             0x00001b94   Number         4  MG32x02z_RGB_MBIA045_API.o(.text.SPI0_IRQHandler)
    __arm_cp.7_10                            0x00001b98   Number         4  MG32x02z_RGB_MBIA045_API.o(.text.SPI0_IRQHandler)
    __arm_cp.7_11                            0x00001b9c   Number         4  MG32x02z_RGB_MBIA045_API.o(.text.SPI0_IRQHandler)
    __arm_cp.7_12                            0x00001ba0   Number         4  MG32x02z_RGB_MBIA045_API.o(.text.SPI0_IRQHandler)
    [Anonymous Symbol]                       0x00001ba4   Section        0  MG32x02z_SPI_DRV.o(.text.SPI_ClearFlag)
    [Anonymous Symbol]                       0x00001bb4   Section        0  MG32x02z_SPI_DRV.o(.text.SPI_ClearRxData)
    [Anonymous Symbol]                       0x00001bc6   Section        0  MG32x02z_SPI_DRV.o(.text.SPI_ClearTxData)
    [Anonymous Symbol]                       0x00001bd8   Section        0  MG32x02z_SPI_DRV.o(.text.SPI_ClockPhase_Select)
    [Anonymous Symbol]                       0x00001bf6   Section        0  MG32x02z_SPI_DRV.o(.text.SPI_ClockPolarity_Select)
    [Anonymous Symbol]                       0x00001c14   Section        0  MG32x02z_SPI_DRV.o(.text.SPI_Cmd)
    [Anonymous Symbol]                       0x00001c32   Section        0  MG32x02z_SPI_DRV.o(.text.SPI_DataLineOutput_Cmd)
    [Anonymous Symbol]                       0x00001c5e   Section        0  MG32x02z_SPI_DRV.o(.text.SPI_DataLine_Select)
    [Anonymous Symbol]                       0x00001c7c   Section        0  MG32x02z_SPI_DRV.o(.text.SPI_DataSize_Select)
    [Anonymous Symbol]                       0x00001c9c   Section        0  MG32x02z_SPI_DRV.o(.text.SPI_DeInit)
    __arm_cp.0_0                             0x00001cc4   Number         4  MG32x02z_SPI_DRV.o(.text.SPI_DeInit)
    __arm_cp.0_1                             0x00001cc8   Number         4  MG32x02z_SPI_DRV.o(.text.SPI_DeInit)
    [Anonymous Symbol]                       0x00001ccc   Section        0  MG32x02z_SPI_DRV.o(.text.SPI_Divider_Select)
    [Anonymous Symbol]                       0x00001cea   Section        0  MG32x02z_SPI_DRV.o(.text.SPI_FirstBit_Select)
    [Anonymous Symbol]                       0x00001d08   Section        0  MG32x02z_SPI_DRV.o(.text.SPI_ITEA_Cmd)
    [Anonymous Symbol]                       0x00001d26   Section        0  MG32x02z_SPI_DRV.o(.text.SPI_IT_Config)
    [Anonymous Symbol]                       0x00001d54   Section        0  MG32x02z_SPI_DRV.o(.text.SPI_IdleStateDataMode_Select)
    [Anonymous Symbol]                       0x00001d72   Section        0  MG32x02z_SPI_DRV.o(.text.SPI_LoopBackMode_Cmd)
    [Anonymous Symbol]                       0x00001d90   Section        0  MG32x02z_SPI_DRV.o(.text.SPI_MasterDataOutIdleState_Select)
    [Anonymous Symbol]                       0x00001dac   Section        0  MG32x02z_SPI_DRV.o(.text.SPI_ModeAndNss_Select)
    [Anonymous Symbol]                       0x00001dce   Section        0  MG32x02z_SPI_DRV.o(.text.SPI_NssInputOutputSoftwareControl_Cmd)
    [Anonymous Symbol]                       0x00001dfe   Section        0  MG32x02z_SPI_DRV.o(.text.SPI_PreDivider_Select)
    [Anonymous Symbol]                       0x00001e1c   Section        0  MG32x02z_SPI_DRV.o(.text.SPI_Prescaler_Select)
    [Anonymous Symbol]                       0x00001e3a   Section        0  MG32x02z_SPI_DRV.o(.text.SPI_SlaveAsynchronous_Cmd)
    [Anonymous Symbol]                       0x00001e58   Section        0  MG32x02z_SPI_DRV.o(.text.SPI_SlaveModeReceivedThreshold_Select)
    [Anonymous Symbol]                       0x00001e78   Section        0  system_MG32x02z.o(.text.SystemInit)
    __arm_cp.1_0                             0x00001e80   Number         4  system_MG32x02z.o(.text.SystemInit)
    __arm_cp.1_1                             0x00001e84   Number         4  system_MG32x02z.o(.text.SystemInit)
    [Anonymous Symbol]                       0x00001e88   Section        0  MG32x02z_RGB_API.o(.text.TM10_IRQHandler)
    __arm_cp.6_0                             0x00001f08   Number         4  MG32x02z_RGB_API.o(.text.TM10_IRQHandler)
    [Anonymous Symbol]                       0x00001f0c   Section        0  MG32x02z_TM_DRV.o(.text.TM_CH1Function_Config)
    [Anonymous Symbol]                       0x00001f2e   Section        0  MG32x02z_TM_DRV.o(.text.TM_CH2Function_Config)
    [Anonymous Symbol]                       0x00001f50   Section        0  MG32x02z_TM_DRV.o(.text.TM_ClearFlag)
    [Anonymous Symbol]                       0x00001f60   Section        0  MG32x02z_TM_DRV.o(.text.TM_ControlPWM_Cmd)
    [Anonymous Symbol]                       0x00001f7e   Section        0  MG32x02z_TM_DRV.o(.text.TM_CounterClock_Select)
    [Anonymous Symbol]                       0x00001f9c   Section        0  MG32x02z_TM_DRV.o(.text.TM_Counter_Config)
    [Anonymous Symbol]                       0x00001fb8   Section        0  MG32x02z_TM_DRV.o(.text.TM_DeInit)
    __arm_cp.0_0                             0x00002030   Number         4  MG32x02z_TM_DRV.o(.text.TM_DeInit)
    [Anonymous Symbol]                       0x00002034   Section        0  MG32x02z_TM_DRV.o(.text.TM_ITEA_Cmd)
    [Anonymous Symbol]                       0x00002052   Section        0  MG32x02z_TM_DRV.o(.text.TM_IT_Config)
    [Anonymous Symbol]                       0x00002080   Section        0  MG32x02z_TM_DRV.o(.text.TM_InverseOC2N_Cmd)
    [Anonymous Symbol]                       0x000020a2   Section        0  MG32x02z_TM_DRV.o(.text.TM_OC10Output_Cmd)
    [Anonymous Symbol]                       0x000020c4   Section        0  MG32x02z_TM_DRV.o(.text.TM_OC1zOutputState_Init)
    [Anonymous Symbol]                       0x0000210a   Section        0  MG32x02z_TM_DRV.o(.text.TM_OC2NOutput_Cmd)
    [Anonymous Symbol]                       0x0000212c   Section        0  MG32x02z_TM_DRV.o(.text.TM_OC2OutputState_Init)
    [Anonymous Symbol]                       0x00002172   Section        0  MG32x02z_TM_DRV.o(.text.TM_PrescalerClock_Select)
    [Anonymous Symbol]                       0x0000218e   Section        0  MG32x02z_TM_DRV.o(.text.TM_Prescaler_Config)
    [Anonymous Symbol]                       0x000021aa   Section        0  MG32x02z_TM_DRV.o(.text.TM_RepetitionCounterClock_Select)
    [Anonymous Symbol]                       0x000021c8   Section        0  MG32x02z_TM_DRV.o(.text.TM_RepetitionCounter_Cmd)
    [Anonymous Symbol]                       0x000021e6   Section        0  MG32x02z_TM_DRV.o(.text.TM_RepetitionCounter_Config)
    [Anonymous Symbol]                       0x00002206   Section        0  MG32x02z_TM_DRV.o(.text.TM_SetCC1B)
    [Anonymous Symbol]                       0x0000221a   Section        0  MG32x02z_TM_DRV.o(.text.TM_SetCC2B)
    [Anonymous Symbol]                       0x0000222e   Section        0  MG32x02z_TM_DRV.o(.text.TM_SetCounterDirection)
    [Anonymous Symbol]                       0x0000224c   Section        0  MG32x02z_TM_DRV.o(.text.TM_SetInternalClockDivider)
    [Anonymous Symbol]                       0x0000226a   Section        0  MG32x02z_TM_DRV.o(.text.TM_SetPrescalerDirection)
    [Anonymous Symbol]                       0x00002286   Section        0  MG32x02z_TM_DRV.o(.text.TM_TRGICounter_Select)
    [Anonymous Symbol]                       0x000022a4   Section        0  MG32x02z_TM_DRV.o(.text.TM_TRGIPrescaler_Select)
    [Anonymous Symbol]                       0x000022c2   Section        0  MG32x02z_TM_DRV.o(.text.TM_TimeBaseStruct_Init)
    [Anonymous Symbol]                       0x000022ee   Section        0  MG32x02z_TM_DRV.o(.text.TM_TimeBase_Init)
    [Anonymous Symbol]                       0x00002382   Section        0  MG32x02z_TM_DRV.o(.text.TM_TimerMode_Select)
    [Anonymous Symbol]                       0x000023a0   Section        0  MG32x02z_TM_DRV.o(.text.TM_Timer_Cmd)
    [Anonymous Symbol]                       0x000023cc   Section        0  MG32x02z_TM_DRV.o(.text.TM_TriggerSource_Select)
    [Anonymous Symbol]                       0x000023e8   Section        0  MG32x02z_RGB_MBIA045_API.o(.text.URT123_IRQHandler)
    __arm_cp.8_0                             0x000024a4   Number         4  MG32x02z_RGB_MBIA045_API.o(.text.URT123_IRQHandler)
    __arm_cp.8_1                             0x000024a8   Number         4  MG32x02z_RGB_MBIA045_API.o(.text.URT123_IRQHandler)
    __arm_cp.8_2                             0x000024ac   Number         4  MG32x02z_RGB_MBIA045_API.o(.text.URT123_IRQHandler)
    __arm_cp.8_3                             0x000024b0   Number         4  MG32x02z_RGB_MBIA045_API.o(.text.URT123_IRQHandler)
    __arm_cp.8_4                             0x000024b4   Number         4  MG32x02z_RGB_MBIA045_API.o(.text.URT123_IRQHandler)
    __arm_cp.8_5                             0x000024b8   Number         4  MG32x02z_RGB_MBIA045_API.o(.text.URT123_IRQHandler)
    __arm_cp.8_6                             0x000024bc   Number         4  MG32x02z_RGB_MBIA045_API.o(.text.URT123_IRQHandler)
    __arm_cp.8_7                             0x000024c0   Number         4  MG32x02z_RGB_MBIA045_API.o(.text.URT123_IRQHandler)
    __arm_cp.8_8                             0x000024c4   Number         4  MG32x02z_RGB_MBIA045_API.o(.text.URT123_IRQHandler)
    __arm_cp.8_9                             0x000024c8   Number         4  MG32x02z_RGB_MBIA045_API.o(.text.URT123_IRQHandler)
    __arm_cp.8_10                            0x000024cc   Number         4  MG32x02z_RGB_MBIA045_API.o(.text.URT123_IRQHandler)
    __arm_cp.8_11                            0x000024d0   Number         4  MG32x02z_RGB_MBIA045_API.o(.text.URT123_IRQHandler)
    __arm_cp.8_12                            0x000024d4   Number         4  MG32x02z_RGB_MBIA045_API.o(.text.URT123_IRQHandler)
    __arm_cp.8_13                            0x000024d8   Number         4  MG32x02z_RGB_MBIA045_API.o(.text.URT123_IRQHandler)
    __arm_cp.8_14                            0x000024dc   Number         4  MG32x02z_RGB_MBIA045_API.o(.text.URT123_IRQHandler)
    __arm_cp.8_15                            0x000024e0   Number         4  MG32x02z_RGB_MBIA045_API.o(.text.URT123_IRQHandler)
    __arm_cp.8_16                            0x000024e4   Number         4  MG32x02z_RGB_MBIA045_API.o(.text.URT123_IRQHandler)
    [Anonymous Symbol]                       0x000024e8   Section        0  MG32x02z_URT_DRV.o(.text.URT_BaudRateGenerator_Cmd)
    [Anonymous Symbol]                       0x00002508   Section        0  MG32x02z_URT_DRV.o(.text.URT_BaudRateGenerator_Config)
    __arm_cp.24_0                            0x00002550   Number         4  MG32x02z_URT_DRV.o(.text.URT_BaudRateGenerator_Config)
    [Anonymous Symbol]                       0x00002554   Section        0  MG32x02z_URT_DRV.o(.text.URT_Cmd)
    [Anonymous Symbol]                       0x00002576   Section        0  MG32x02z_URT_DRV.o(.text.URT_DataCharacter_Config)
    [Anonymous Symbol]                       0x000025d0   Section        0  MG32x02z_URT_DRV.o(.text.URT_ITEA_Cmd)
    [Anonymous Symbol]                       0x000025f2   Section        0  MG32x02z_URT_DRV.o(.text.URT_IT_Config)
    [Anonymous Symbol]                       0x00002612   Section        0  MG32x02z_URT_DRV.o(.text.URT_RXClockSource_Select)
    [Anonymous Symbol]                       0x0000262e   Section        0  MG32x02z_URT_DRV.o(.text.URT_RXOverSamplingMode_Select)
    [Anonymous Symbol]                       0x00002650   Section        0  MG32x02z_URT_DRV.o(.text.URT_RXOverSamplingSampleNumber_Select)
    [Anonymous Symbol]                       0x0000267e   Section        0  MG32x02z_URT_DRV.o(.text.URT_RX_Cmd)
    [Anonymous Symbol]                       0x000026a2   Section        0  MG32x02z_URT_DRV.o(.text.URT_TXClockSource_Select)
    [Anonymous Symbol]                       0x000026be   Section        0  MG32x02z_URT_DRV.o(.text.URT_TXInverse_Cmd)
    [Anonymous Symbol]                       0x000026e4   Section        0  MG32x02z_URT_DRV.o(.text.URT_TXOverSamplingSampleNumber_Select)
    [Anonymous Symbol]                       0x00002712   Section        0  MG32x02z_URT_DRV.o(.text.URT_TX_Cmd)
    __NVIC_EnableIRQ                         0x00002739   Thumb Code    40  MG32x02z_RGB_API.o(.text.__NVIC_EnableIRQ)
    [Anonymous Symbol]                       0x00002738   Section        0  MG32x02z_RGB_API.o(.text.__NVIC_EnableIRQ)
    __NVIC_EnableIRQ                         0x00002761   Thumb Code    40  MG32x02z_RGB_MBIA045_API.o(.text.__NVIC_EnableIRQ)
    [Anonymous Symbol]                       0x00002760   Section        0  MG32x02z_RGB_MBIA045_API.o(.text.__NVIC_EnableIRQ)
    __arm_cp.3_0                             0x00002788   Number         4  MG32x02z_RGB_MBIA045_API.o(.text.__NVIC_EnableIRQ)
    [Anonymous Symbol]                       0x0000278c   Section        0  main.o(.text.main)
    i.__0printf                              0x000027a4   Section        0  printfa.o(i.__0printf)
    i.__ARM_clz                              0x000027c4   Section        0  depilogue.o(i.__ARM_clz)
    i.__scatterload_copy                     0x000027f2   Section       14  handlers.o(i.__scatterload_copy)
    i.__scatterload_null                     0x00002800   Section        2  handlers.o(i.__scatterload_null)
    i.__scatterload_zeroinit                 0x00002802   Section       14  handlers.o(i.__scatterload_zeroinit)
    _fp_digits                               0x00002811   Thumb Code   344  printfa.o(i._fp_digits)
    i._fp_digits                             0x00002810   Section        0  printfa.o(i._fp_digits)
    _printf_core                             0x00002985   Thumb Code  1754  printfa.o(i._printf_core)
    i._printf_core                           0x00002984   Section        0  printfa.o(i._printf_core)
    _printf_post_padding                     0x00003071   Thumb Code    32  printfa.o(i._printf_post_padding)
    i._printf_post_padding                   0x00003070   Section        0  printfa.o(i._printf_post_padding)
    _printf_pre_padding                      0x00003091   Thumb Code    44  printfa.o(i._printf_pre_padding)
    i._printf_pre_padding                    0x00003090   Section        0  printfa.o(i._printf_pre_padding)
    i.fputc                                  0x000030bc   Section        0  fputc.o(i.fputc)
    CSC_InitConfig                           0x0000341c   Data          80  MG32x02z_CSC_Init.o(.rodata.CSC_InitConfig)
    [Anonymous Symbol]                       0x0000341c   Section        0  MG32x02z_CSC_Init.o(.rodata.CSC_InitConfig)
    GPIO_CFG                                 0x0000346c   Data           4  MG32x02z_GPIO_Init.o(.rodata.GPIO_CFG)
    [Anonymous Symbol]                       0x0000346c   Section        0  MG32x02z_GPIO_Init.o(.rodata.GPIO_CFG)
    [Anonymous Symbol]                       0x00003470   Section        0  system_MG32x02z.o(.rodata.str1.1)
    .data                                    0x20000000   Section        4  stdout.o(.data)
    LED_RainTable                            0x20000031   Data          17  MG32x02z_RGB_MBIA045_API.o(.data.LED_RainTable)
    [Anonymous Symbol]                       0x20000031   Section        0  MG32x02z_RGB_MBIA045_API.o(.data.LED_RainTable)
    API_KBRGB_BColorSceneryTable             0x200000d2   Data         138  MG32x02z_RGB_API.o(.bss.API_KBRGB_BColorSceneryTable)
    [Anonymous Symbol]                       0x200000d2   Section        0  MG32x02z_RGB_API.o(.bss.API_KBRGB_BColorSceneryTable)
    API_KBRGB_GColorSceneryTable             0x200001e6   Data         138  MG32x02z_RGB_API.o(.bss.API_KBRGB_GColorSceneryTable)
    [Anonymous Symbol]                       0x200001e6   Section        0  MG32x02z_RGB_API.o(.bss.API_KBRGB_GColorSceneryTable)
    API_KBRGB_RColorSceneryTable             0x200002fa   Data         138  MG32x02z_RGB_API.o(.bss.API_KBRGB_RColorSceneryTable)
    [Anonymous Symbol]                       0x200002fa   Section        0  MG32x02z_RGB_API.o(.bss.API_KBRGB_RColorSceneryTable)
    API_LED_UpdateDataBuf                    0x200005ac   Data          96  MG32x02z_RGB_MBIA045_API.o(.bss.API_LED_UpdateDataBuf)
    [Anonymous Symbol]                       0x200005ac   Section        0  MG32x02z_RGB_MBIA045_API.o(.bss.API_LED_UpdateDataBuf)
    API_LED_pUpdateDataBuf                   0x2000060c   Data           1  MG32x02z_RGB_MBIA045_API.o(.bss.API_LED_pUpdateDataBuf)
    [Anonymous Symbol]                       0x2000060c   Section        0  MG32x02z_RGB_MBIA045_API.o(.bss.API_LED_pUpdateDataBuf)
    HardFault_Handler_C.stacked_lr           0x20000664   Data           4  system_MG32x02z.o(.bss.HardFault_Handler_C.stacked_lr)
    [Anonymous Symbol]                       0x20000664   Section        0  system_MG32x02z.o(.bss.HardFault_Handler_C.stacked_lr)
    HardFault_Handler_C.stacked_pc           0x20000668   Data           4  system_MG32x02z.o(.bss.HardFault_Handler_C.stacked_pc)
    [Anonymous Symbol]                       0x20000668   Section        0  system_MG32x02z.o(.bss.HardFault_Handler_C.stacked_pc)
    HardFault_Handler_C.stacked_psr          0x2000066c   Data           4  system_MG32x02z.o(.bss.HardFault_Handler_C.stacked_psr)
    [Anonymous Symbol]                       0x2000066c   Section        0  system_MG32x02z.o(.bss.HardFault_Handler_C.stacked_psr)
    HardFault_Handler_C.stacked_r0           0x20000670   Data           4  system_MG32x02z.o(.bss.HardFault_Handler_C.stacked_r0)
    [Anonymous Symbol]                       0x20000670   Section        0  system_MG32x02z.o(.bss.HardFault_Handler_C.stacked_r0)
    HardFault_Handler_C.stacked_r1           0x20000674   Data           4  system_MG32x02z.o(.bss.HardFault_Handler_C.stacked_r1)
    [Anonymous Symbol]                       0x20000674   Section        0  system_MG32x02z.o(.bss.HardFault_Handler_C.stacked_r1)
    HardFault_Handler_C.stacked_r12          0x20000678   Data           4  system_MG32x02z.o(.bss.HardFault_Handler_C.stacked_r12)
    [Anonymous Symbol]                       0x20000678   Section        0  system_MG32x02z.o(.bss.HardFault_Handler_C.stacked_r12)
    HardFault_Handler_C.stacked_r2           0x2000067c   Data           4  system_MG32x02z.o(.bss.HardFault_Handler_C.stacked_r2)
    [Anonymous Symbol]                       0x2000067c   Section        0  system_MG32x02z.o(.bss.HardFault_Handler_C.stacked_r2)
    HardFault_Handler_C.stacked_r3           0x20000680   Data           4  system_MG32x02z.o(.bss.HardFault_Handler_C.stacked_r3)
    [Anonymous Symbol]                       0x20000680   Section        0  system_MG32x02z.o(.bss.HardFault_Handler_C.stacked_r3)
    LED_DataLatch_LastBit                    0x20000684   Data           1  MG32x02z_RGB_MBIA045_API.o(.bss.LED_DataLatch_LastBit)
    [Anonymous Symbol]                       0x20000684   Section        0  MG32x02z_RGB_MBIA045_API.o(.bss.LED_DataLatch_LastBit)
    LED_DataLatch_Tmp                        0x20000685   Data           1  MG32x02z_RGB_MBIA045_API.o(.bss.LED_DataLatch_Tmp)
    [Anonymous Symbol]                       0x20000685   Section        0  MG32x02z_RGB_MBIA045_API.o(.bss.LED_DataLatch_Tmp)
    LED_RainCNT                              0x20000686   Data           1  MG32x02z_RGB_MBIA045_API.o(.bss.LED_RainCNT)
    [Anonymous Symbol]                       0x20000686   Section        0  MG32x02z_RGB_MBIA045_API.o(.bss.LED_RainCNT)
    LED_RainDelay                            0x20000687   Data           1  MG32x02z_RGB_MBIA045_API.o(.bss.LED_RainDelay)
    [Anonymous Symbol]                       0x20000687   Section        0  MG32x02z_RGB_MBIA045_API.o(.bss.LED_RainDelay)
    LED_RainUpdateEvent                      0x20000688   Data           1  MG32x02z_RGB_MBIA045_API.o(.bss.LED_RainUpdateEvent)
    [Anonymous Symbol]                       0x20000688   Section        0  MG32x02z_RGB_MBIA045_API.o(.bss.LED_RainUpdateEvent)
    STACK                                    0x20000690   Section     1024  startup_MG32x02z.o(STACK)

    Global Symbols

    Symbol Name                              Value     Ov Type        Size  Object(Section)

    BuildAttributes$$THM_ISAv3M$S$PE$A:L22$X:L11$S22$IEEE1$IW$~IW$USESV6$~STKCKD$USESV7$~SHL$OSPACE$ROPI$EBA8$MICROLIB$REQ8$PRES8$EABIv2 0x00000000   Number         0  anon$$obj.o ABSOLUTE
    __Vectors                                0x00000000   Data           4  startup_MG32x02z.o(RESET)
    __cpp_initialize__aeabi_                  - Undefined Weak Reference
    __cxa_finalize                            - Undefined Weak Reference
    __decompress                              - Undefined Weak Reference
    _clock_init                               - Undefined Weak Reference
    _microlib_exit                            - Undefined Weak Reference
    __Vectors_End                            0x000000c0   Data           0  startup_MG32x02z.o(RESET)
    __Vectors_Size                           0x000000c0   Number         0  startup_MG32x02z.o ABSOLUTE
    __main                                   0x000000c1   Thumb Code     0  entry.o(.ARM.Collect$$$$00000000)
    _main_stk                                0x000000c1   Thumb Code     0  entry2.o(.ARM.Collect$$$$00000001)
    _main_scatterload                        0x000000c5   Thumb Code     0  entry5.o(.ARM.Collect$$$$00000004)
    __main_after_scatterload                 0x000000c9   Thumb Code     0  entry5.o(.ARM.Collect$$$$00000004)
    _main_clock                              0x000000c9   Thumb Code     0  entry7b.o(.ARM.Collect$$$$00000008)
    _main_cpp_init                           0x000000c9   Thumb Code     0  entry8b.o(.ARM.Collect$$$$0000000A)
    _main_init                               0x000000c9   Thumb Code     0  entry9a.o(.ARM.Collect$$$$0000000B)
    __rt_final_cpp                           0x000000d1   Thumb Code     0  entry10a.o(.ARM.Collect$$$$0000000D)
    __rt_final_exit                          0x000000d1   Thumb Code     0  entry11a.o(.ARM.Collect$$$$0000000F)
    MG32x02z_IEC60730_MANAGER                0x000000d5   Thumb Code     0  startup_MG32x02z.o(.text)
    ReInitial_Stack                          0x000000d5   Thumb Code     6  startup_MG32x02z.o(.text)
    Reset_Handler                            0x000000db   Thumb Code     8  startup_MG32x02z.o(.text)
    NMI_Handler                              0x000000e3   Thumb Code     2  startup_MG32x02z.o(.text)
    HardFault_Handler                        0x000000e5   Thumb Code    24  startup_MG32x02z.o(.text)
    SVC_Handler                              0x000000fd   Thumb Code     2  startup_MG32x02z.o(.text)
    PendSV_Handler                           0x000000ff   Thumb Code     2  startup_MG32x02z.o(.text)
    SysTick_Handler                          0x00000101   Thumb Code     2  startup_MG32x02z.o(.text)
    ADC_IRQHandler                           0x00000103   Thumb Code     0  startup_MG32x02z.o(.text)
    APX_IRQHandler                           0x00000103   Thumb Code     0  startup_MG32x02z.o(.text)
    COMP_IRQHandler                          0x00000103   Thumb Code     0  startup_MG32x02z.o(.text)
    DAC_IRQHandler                           0x00000103   Thumb Code     0  startup_MG32x02z.o(.text)
    DMA_IRQHandler                           0x00000103   Thumb Code     0  startup_MG32x02z.o(.text)
    EXINT0_IRQHandler                        0x00000103   Thumb Code     0  startup_MG32x02z.o(.text)
    EXINT1_IRQHandler                        0x00000103   Thumb Code     0  startup_MG32x02z.o(.text)
    EXINT2_IRQHandler                        0x00000103   Thumb Code     0  startup_MG32x02z.o(.text)
    EXINT3_IRQHandler                        0x00000103   Thumb Code     0  startup_MG32x02z.o(.text)
    I2C0_IRQHandler                          0x00000103   Thumb Code     0  startup_MG32x02z.o(.text)
    I2Cx_IRQHandler                          0x00000103   Thumb Code     0  startup_MG32x02z.o(.text)
    SPIx_IRQHandler                          0x00000103   Thumb Code     0  startup_MG32x02z.o(.text)
    SYS_IRQHandler                           0x00000103   Thumb Code     0  startup_MG32x02z.o(.text)
    TM0x_IRQHandler                          0x00000103   Thumb Code     0  startup_MG32x02z.o(.text)
    TM1x_IRQHandler                          0x00000103   Thumb Code     0  startup_MG32x02z.o(.text)
    TM20_IRQHandler                          0x00000103   Thumb Code     0  startup_MG32x02z.o(.text)
    TM2x_IRQHandler                          0x00000103   Thumb Code     0  startup_MG32x02z.o(.text)
    TM3x_IRQHandler                          0x00000103   Thumb Code     0  startup_MG32x02z.o(.text)
    URT0_IRQHandler                          0x00000103   Thumb Code     0  startup_MG32x02z.o(.text)
    URT4x_IRQHandler                         0x00000103   Thumb Code     0  startup_MG32x02z.o(.text)
    USB_IRQHandler                           0x00000103   Thumb Code     0  startup_MG32x02z.o(.text)
    WWDT_IRQHandler                          0x00000103   Thumb Code     0  startup_MG32x02z.o(.text)
    __aeabi_memset                           0x00000111   Thumb Code    14  memseta.o(.text)
    __aeabi_memset4                          0x00000111   Thumb Code     0  memseta.o(.text)
    __aeabi_memset8                          0x00000111   Thumb Code     0  memseta.o(.text)
    __aeabi_memclr                           0x0000011f   Thumb Code     4  memseta.o(.text)
    __aeabi_memclr4                          0x0000011f   Thumb Code     0  memseta.o(.text)
    __aeabi_memclr8                          0x0000011f   Thumb Code     0  memseta.o(.text)
    _memset$wrapper                          0x00000123   Thumb Code    18  memseta.o(.text)
    __aeabi_dadd                             0x00000135   Thumb Code   328  dadd.o(.text)
    __aeabi_dsub                             0x0000027d   Thumb Code    12  dadd.o(.text)
    __aeabi_drsub                            0x00000289   Thumb Code    12  dadd.o(.text)
    __aeabi_dmul                             0x00000299   Thumb Code   202  dmul.o(.text)
    __aeabi_uidiv                            0x00000369   Thumb Code     0  uidiv_div0.o(.text)
    __aeabi_uidivmod                         0x00000369   Thumb Code    62  uidiv_div0.o(.text)
    __aeabi_uldivmod                         0x000003a7   Thumb Code    96  uldiv.o(.text)
    __aeabi_llsl                             0x00000407   Thumb Code    32  llshl.o(.text)
    _ll_shift_l                              0x00000407   Thumb Code     0  llshl.o(.text)
    __aeabi_lasr                             0x00000427   Thumb Code    38  llsshr.o(.text)
    _ll_sshift_r                             0x00000427   Thumb Code     0  llsshr.o(.text)
    __I$use$fp                               0x0000044d   Thumb Code     0  iusefp.o(.text)
    _double_round                            0x0000044d   Thumb Code    26  depilogue.o(.text)
    _double_epilogue                         0x00000467   Thumb Code   164  depilogue.o(.text)
    __aeabi_ddiv                             0x0000050d   Thumb Code   234  ddiv.o(.text)
    __aeabi_d2ulz                            0x000005fd   Thumb Code    54  dfixul.o(.text)
    __aeabi_cdrcmple                         0x0000063d   Thumb Code    38  cdrcmple.o(.text)
    __scatterload                            0x00000665   Thumb Code    38  init.o(.text)
    __scatterload_rt2                        0x00000665   Thumb Code     0  init.o(.text)
    __aeabi_llsr                             0x00000695   Thumb Code    34  llushr.o(.text)
    __semihosting_library_function           0x00000695   Thumb Code     0  semi.o(.text)
    _ll_ushift_r                             0x00000695   Thumb Code     0  llushr.o(.text)
    __I$use$semihosting$fputc                0x000006b7   Thumb Code     0  iusesemip.o(.text)
    API_AllRGB_OFF                           0x000006b9   Thumb Code    24  MG32x02z_RGB_API.o(.text.API_AllRGB_OFF)
    API_RGBLedControlParameter_Init          0x00000821   Thumb Code    16  MG32x02z_RGB_MBIA045_API.o(.text.API_RGBLedControlParameter_Init)
    API_RGBLedDriverData_DeInit              0x0000083d   Thumb Code    40  MG32x02z_RGB_MBIA045_API.o(.text.API_RGBLedDriverData_DeInit)
    API_RGBLed_Init                          0x00000869   Thumb Code   272  MG32x02z_RGB_MBIA045_API.o(.text.API_RGBLed_Init)
    API_RGB_ControlParameter_Init            0x0000098d   Thumb Code   168  MG32x02z_RGB_API.o(.text.API_RGB_ControlParameter_Init)
    API_RGB_Data_DeInit                      0x00000a3d   Thumb Code   120  MG32x02z_RGB_API.o(.text.API_RGB_Data_DeInit)
    API_RGB_Init                             0x00000ac1   Thumb Code   740  MG32x02z_RGB_API.o(.text.API_RGB_Init)
    API_RGB_Mode_Config                      0x00000dc5   Thumb Code   676  MG32x02z_RGB_API.o(.text.API_RGB_Mode_Config)
    API_RGB_UpdateDataTrigger                0x000010a9   Thumb Code   336  MG32x02z_RGB_MBIA045_API.o(.text.API_RGB_UpdateDataTrigger)
    CSC_IHRCO_Enable                         0x00001235   Thumb Code    64  MG32x02z_CSC_Init.o(.text.CSC_IHRCO_Enable)
    CSC_Init                                 0x00001275   Thumb Code   576  MG32x02z_CSC_Init.o(.text.CSC_Init)
    ChipInit                                 0x00001525   Thumb Code    20  MG32x02z_ChipInit.o(.text.ChipInit)
    DMA_AutoIncreaseDestinationAddress       0x0000153d   Thumb Code    30  MG32x02z_DMA_DRV.o(.text.DMA_AutoIncreaseDestinationAddress)
    DMA_AutoIncreaseSourceAddress            0x0000155b   Thumb Code    30  MG32x02z_DMA_DRV.o(.text.DMA_AutoIncreaseSourceAddress)
    DMA_BaseInitStructure_Init               0x00001579   Thumb Code    92  MG32x02z_DMA_DRV.o(.text.DMA_BaseInitStructure_Init)
    DMA_Base_Init                            0x000015d5   Thumb Code   402  MG32x02z_DMA_DRV.o(.text.DMA_Base_Init)
    DMA_Channel_Cmd                          0x00001767   Thumb Code    30  MG32x02z_DMA_DRV.o(.text.DMA_Channel_Cmd)
    DMA_Cmd                                  0x00001785   Thumb Code    32  MG32x02z_DMA_DRV.o(.text.DMA_Cmd)
    DMA_Destination_Select                   0x000017a9   Thumb Code    30  MG32x02z_DMA_DRV.o(.text.DMA_Destination_Select)
    DMA_LoopMode_Cmd                         0x000017c7   Thumb Code    30  MG32x02z_DMA_DRV.o(.text.DMA_LoopMode_Cmd)
    DMA_SetBurstSize                         0x000017e5   Thumb Code    30  MG32x02z_DMA_DRV.o(.text.DMA_SetBurstSize)
    DMA_SetDestinationAddress                0x00001803   Thumb Code    16  MG32x02z_DMA_DRV.o(.text.DMA_SetDestinationAddress)
    DMA_SetExtTriggerMode                    0x00001813   Thumb Code    30  MG32x02z_DMA_DRV.o(.text.DMA_SetExtTriggerMode)
    DMA_SetExtTriggerPin                     0x00001831   Thumb Code    30  MG32x02z_DMA_DRV.o(.text.DMA_SetExtTriggerPin)
    DMA_SetSourceAddress                     0x0000184f   Thumb Code    16  MG32x02z_DMA_DRV.o(.text.DMA_SetSourceAddress)
    DMA_SetTransferDataNumber                0x0000185f   Thumb Code    16  MG32x02z_DMA_DRV.o(.text.DMA_SetTransferDataNumber)
    DMA_Source_Select                        0x0000186f   Thumb Code    30  MG32x02z_DMA_DRV.o(.text.DMA_Source_Select)
    GPIO_ClearPortBit                        0x0000188d   Thumb Code    18  MG32x02z_GPIO_DRV.o(.text.GPIO_ClearPortBit)
    GPIO_Init                                0x000018a1   Thumb Code    48  MG32x02z_GPIO_Init.o(.text.GPIO_Init)
    GPIO_PortMode_Config                     0x000018d5   Thumb Code   178  MG32x02z_GPIO_DRV.o(.text.GPIO_PortMode_Config)
    GPIO_SetPortBit                          0x00001987   Thumb Code    18  MG32x02z_GPIO_DRV.o(.text.GPIO_SetPortBit)
    HardFault_Handler_C                      0x00001999   Thumb Code   184  system_MG32x02z.o(.text.HardFault_Handler_C)
    SPI0_IRQHandler                          0x00001a99   Thumb Code   216  MG32x02z_RGB_MBIA045_API.o(.text.SPI0_IRQHandler)
    SPI_ClearFlag                            0x00001ba5   Thumb Code    16  MG32x02z_SPI_DRV.o(.text.SPI_ClearFlag)
    SPI_ClearRxData                          0x00001bb5   Thumb Code    18  MG32x02z_SPI_DRV.o(.text.SPI_ClearRxData)
    SPI_ClearTxData                          0x00001bc7   Thumb Code    18  MG32x02z_SPI_DRV.o(.text.SPI_ClearTxData)
    SPI_ClockPhase_Select                    0x00001bd9   Thumb Code    30  MG32x02z_SPI_DRV.o(.text.SPI_ClockPhase_Select)
    SPI_ClockPolarity_Select                 0x00001bf7   Thumb Code    30  MG32x02z_SPI_DRV.o(.text.SPI_ClockPolarity_Select)
    SPI_Cmd                                  0x00001c15   Thumb Code    30  MG32x02z_SPI_DRV.o(.text.SPI_Cmd)
    SPI_DataLineOutput_Cmd                   0x00001c33   Thumb Code    44  MG32x02z_SPI_DRV.o(.text.SPI_DataLineOutput_Cmd)
    SPI_DataLine_Select                      0x00001c5f   Thumb Code    30  MG32x02z_SPI_DRV.o(.text.SPI_DataLine_Select)
    SPI_DataSize_Select                      0x00001c7d   Thumb Code    30  MG32x02z_SPI_DRV.o(.text.SPI_DataSize_Select)
    SPI_DeInit                               0x00001c9d   Thumb Code    40  MG32x02z_SPI_DRV.o(.text.SPI_DeInit)
    SPI_Divider_Select                       0x00001ccd   Thumb Code    30  MG32x02z_SPI_DRV.o(.text.SPI_Divider_Select)
    SPI_FirstBit_Select                      0x00001ceb   Thumb Code    30  MG32x02z_SPI_DRV.o(.text.SPI_FirstBit_Select)
    SPI_ITEA_Cmd                             0x00001d09   Thumb Code    30  MG32x02z_SPI_DRV.o(.text.SPI_ITEA_Cmd)
    SPI_IT_Config                            0x00001d27   Thumb Code    46  MG32x02z_SPI_DRV.o(.text.SPI_IT_Config)
    SPI_IdleStateDataMode_Select             0x00001d55   Thumb Code    30  MG32x02z_SPI_DRV.o(.text.SPI_IdleStateDataMode_Select)
    SPI_LoopBackMode_Cmd                     0x00001d73   Thumb Code    30  MG32x02z_SPI_DRV.o(.text.SPI_LoopBackMode_Cmd)
    SPI_MasterDataOutIdleState_Select        0x00001d91   Thumb Code    28  MG32x02z_SPI_DRV.o(.text.SPI_MasterDataOutIdleState_Select)
    SPI_ModeAndNss_Select                    0x00001dad   Thumb Code    34  MG32x02z_SPI_DRV.o(.text.SPI_ModeAndNss_Select)
    SPI_NssInputOutputSoftwareControl_Cmd    0x00001dcf   Thumb Code    48  MG32x02z_SPI_DRV.o(.text.SPI_NssInputOutputSoftwareControl_Cmd)
    SPI_PreDivider_Select                    0x00001dff   Thumb Code    30  MG32x02z_SPI_DRV.o(.text.SPI_PreDivider_Select)
    SPI_Prescaler_Select                     0x00001e1d   Thumb Code    30  MG32x02z_SPI_DRV.o(.text.SPI_Prescaler_Select)
    SPI_SlaveAsynchronous_Cmd                0x00001e3b   Thumb Code    30  MG32x02z_SPI_DRV.o(.text.SPI_SlaveAsynchronous_Cmd)
    SPI_SlaveModeReceivedThreshold_Select    0x00001e59   Thumb Code    30  MG32x02z_SPI_DRV.o(.text.SPI_SlaveModeReceivedThreshold_Select)
    SystemInit                               0x00001e79   Thumb Code     8  system_MG32x02z.o(.text.SystemInit)
    TM10_IRQHandler                          0x00001e89   Thumb Code   128  MG32x02z_RGB_API.o(.text.TM10_IRQHandler)
    TM_CH1Function_Config                    0x00001f0d   Thumb Code    34  MG32x02z_TM_DRV.o(.text.TM_CH1Function_Config)
    TM_CH2Function_Config                    0x00001f2f   Thumb Code    34  MG32x02z_TM_DRV.o(.text.TM_CH2Function_Config)
    TM_ClearFlag                             0x00001f51   Thumb Code    16  MG32x02z_TM_DRV.o(.text.TM_ClearFlag)
    TM_ControlPWM_Cmd                        0x00001f61   Thumb Code    30  MG32x02z_TM_DRV.o(.text.TM_ControlPWM_Cmd)
    TM_CounterClock_Select                   0x00001f7f   Thumb Code    30  MG32x02z_TM_DRV.o(.text.TM_CounterClock_Select)
    TM_Counter_Config                        0x00001f9d   Thumb Code    28  MG32x02z_TM_DRV.o(.text.TM_Counter_Config)
    TM_DeInit                                0x00001fb9   Thumb Code   120  MG32x02z_TM_DRV.o(.text.TM_DeInit)
    TM_ITEA_Cmd                              0x00002035   Thumb Code    30  MG32x02z_TM_DRV.o(.text.TM_ITEA_Cmd)
    TM_IT_Config                             0x00002053   Thumb Code    46  MG32x02z_TM_DRV.o(.text.TM_IT_Config)
    TM_InverseOC2N_Cmd                       0x00002081   Thumb Code    34  MG32x02z_TM_DRV.o(.text.TM_InverseOC2N_Cmd)
    TM_OC10Output_Cmd                        0x000020a3   Thumb Code    34  MG32x02z_TM_DRV.o(.text.TM_OC10Output_Cmd)
    TM_OC1zOutputState_Init                  0x000020c5   Thumb Code    70  MG32x02z_TM_DRV.o(.text.TM_OC1zOutputState_Init)
    TM_OC2NOutput_Cmd                        0x0000210b   Thumb Code    34  MG32x02z_TM_DRV.o(.text.TM_OC2NOutput_Cmd)
    TM_OC2OutputState_Init                   0x0000212d   Thumb Code    70  MG32x02z_TM_DRV.o(.text.TM_OC2OutputState_Init)
    TM_PrescalerClock_Select                 0x00002173   Thumb Code    28  MG32x02z_TM_DRV.o(.text.TM_PrescalerClock_Select)
    TM_Prescaler_Config                      0x0000218f   Thumb Code    28  MG32x02z_TM_DRV.o(.text.TM_Prescaler_Config)
    TM_RepetitionCounterClock_Select         0x000021ab   Thumb Code    30  MG32x02z_TM_DRV.o(.text.TM_RepetitionCounterClock_Select)
    TM_RepetitionCounter_Cmd                 0x000021c9   Thumb Code    30  MG32x02z_TM_DRV.o(.text.TM_RepetitionCounter_Cmd)
    TM_RepetitionCounter_Config              0x000021e7   Thumb Code    32  MG32x02z_TM_DRV.o(.text.TM_RepetitionCounter_Config)
    TM_SetCC1B                               0x00002207   Thumb Code    20  MG32x02z_TM_DRV.o(.text.TM_SetCC1B)
    TM_SetCC2B                               0x0000221b   Thumb Code    20  MG32x02z_TM_DRV.o(.text.TM_SetCC2B)
    TM_SetCounterDirection                   0x0000222f   Thumb Code    30  MG32x02z_TM_DRV.o(.text.TM_SetCounterDirection)
    TM_SetInternalClockDivider               0x0000224d   Thumb Code    30  MG32x02z_TM_DRV.o(.text.TM_SetInternalClockDivider)
    TM_SetPrescalerDirection                 0x0000226b   Thumb Code    28  MG32x02z_TM_DRV.o(.text.TM_SetPrescalerDirection)
    TM_TRGICounter_Select                    0x00002287   Thumb Code    30  MG32x02z_TM_DRV.o(.text.TM_TRGICounter_Select)
    TM_TRGIPrescaler_Select                  0x000022a5   Thumb Code    30  MG32x02z_TM_DRV.o(.text.TM_TRGIPrescaler_Select)
    TM_TimeBaseStruct_Init                   0x000022c3   Thumb Code    44  MG32x02z_TM_DRV.o(.text.TM_TimeBaseStruct_Init)
    TM_TimeBase_Init                         0x000022ef   Thumb Code   148  MG32x02z_TM_DRV.o(.text.TM_TimeBase_Init)
    TM_TimerMode_Select                      0x00002383   Thumb Code    30  MG32x02z_TM_DRV.o(.text.TM_TimerMode_Select)
    TM_Timer_Cmd                             0x000023a1   Thumb Code    44  MG32x02z_TM_DRV.o(.text.TM_Timer_Cmd)
    TM_TriggerSource_Select                  0x000023cd   Thumb Code    28  MG32x02z_TM_DRV.o(.text.TM_TriggerSource_Select)
    URT123_IRQHandler                        0x000023e9   Thumb Code   188  MG32x02z_RGB_MBIA045_API.o(.text.URT123_IRQHandler)
    URT_BaudRateGenerator_Cmd                0x000024e9   Thumb Code    32  MG32x02z_URT_DRV.o(.text.URT_BaudRateGenerator_Cmd)
    URT_BaudRateGenerator_Config             0x00002509   Thumb Code    72  MG32x02z_URT_DRV.o(.text.URT_BaudRateGenerator_Config)
    URT_Cmd                                  0x00002555   Thumb Code    34  MG32x02z_URT_DRV.o(.text.URT_Cmd)
    URT_DataCharacter_Config                 0x00002577   Thumb Code    90  MG32x02z_URT_DRV.o(.text.URT_DataCharacter_Config)
    URT_ITEA_Cmd                             0x000025d1   Thumb Code    34  MG32x02z_URT_DRV.o(.text.URT_ITEA_Cmd)
    URT_IT_Config                            0x000025f3   Thumb Code    32  MG32x02z_URT_DRV.o(.text.URT_IT_Config)
    URT_RXClockSource_Select                 0x00002613   Thumb Code    28  MG32x02z_URT_DRV.o(.text.URT_RXClockSource_Select)
    URT_RXOverSamplingMode_Select            0x0000262f   Thumb Code    34  MG32x02z_URT_DRV.o(.text.URT_RXOverSamplingMode_Select)
    URT_RXOverSamplingSampleNumber_Select    0x00002651   Thumb Code    46  MG32x02z_URT_DRV.o(.text.URT_RXOverSamplingSampleNumber_Select)
    URT_RX_Cmd                               0x0000267f   Thumb Code    36  MG32x02z_URT_DRV.o(.text.URT_RX_Cmd)
    URT_TXClockSource_Select                 0x000026a3   Thumb Code    28  MG32x02z_URT_DRV.o(.text.URT_TXClockSource_Select)
    URT_TXInverse_Cmd                        0x000026bf   Thumb Code    38  MG32x02z_URT_DRV.o(.text.URT_TXInverse_Cmd)
    URT_TXOverSamplingSampleNumber_Select    0x000026e5   Thumb Code    46  MG32x02z_URT_DRV.o(.text.URT_TXOverSamplingSampleNumber_Select)
    URT_TX_Cmd                               0x00002713   Thumb Code    36  MG32x02z_URT_DRV.o(.text.URT_TX_Cmd)
    main                                     0x0000278d   Thumb Code    24  main.o(.text.main)
    __0printf                                0x000027a5   Thumb Code    24  printfa.o(i.__0printf)
    __1printf                                0x000027a5   Thumb Code     0  printfa.o(i.__0printf)
    __2printf                                0x000027a5   Thumb Code     0  printfa.o(i.__0printf)
    __c89printf                              0x000027a5   Thumb Code     0  printfa.o(i.__0printf)
    printf                                   0x000027a5   Thumb Code     0  printfa.o(i.__0printf)
    __ARM_clz                                0x000027c5   Thumb Code    46  depilogue.o(i.__ARM_clz)
    __scatterload_copy                       0x000027f3   Thumb Code    14  handlers.o(i.__scatterload_copy)
    __scatterload_null                       0x00002801   Thumb Code     2  handlers.o(i.__scatterload_null)
    __scatterload_zeroinit                   0x00002803   Thumb Code    14  handlers.o(i.__scatterload_zeroinit)
    fputc                                    0x000030bd   Thumb Code    18  fputc.o(i.fputc)
    API_KBRGBDefault_BColorTable             0x000030ce   Data         276  MG32x02z_RGBTable_API.o(.rodata.API_KBRGBDefault_BColorTable)
    API_KBRGBDefault_GColorTable             0x000031e2   Data         276  MG32x02z_RGBTable_API.o(.rodata.API_KBRGBDefault_GColorTable)
    API_KBRGBDefault_RColorTable             0x000032f6   Data         276  MG32x02z_RGBTable_API.o(.rodata.API_KBRGBDefault_RColorTable)
    API_KBRGBDemo_BColorTable                0x0000340a   Data           6  MG32x02z_RGBTable_API.o(.rodata.API_KBRGBDemo_BColorTable)
    API_KBRGBDemo_GColorTable                0x00003410   Data           6  MG32x02z_RGBTable_API.o(.rodata.API_KBRGBDemo_GColorTable)
    API_KBRGBDemo_RColorTable                0x00003416   Data           6  MG32x02z_RGBTable_API.o(.rodata.API_KBRGBDemo_RColorTable)
    Region$$Table$$Base                      0x00003528   Number         0  anon$$obj.o(Region$$Table)
    Region$$Table$$Limit                     0x00003548   Number         0  anon$$obj.o(Region$$Table)
    __stdout                                 0x20000000   Data           4  stdout.o(.data)
    API_RGB_DOT_TABLE                        0x20000004   Data          45  MG32x02z_RGBTable_API.o(.data.API_RGB_DOT_TABLE)
    SystemCoreClock                          0x20000044   Data           4  system_MG32x02z.o(.data.SystemCoreClock)
    API_KBRGB_BColorScenery                  0x20000048   Data         138  MG32x02z_RGB_API.o(.bss.API_KBRGB_BColorScenery)
    API_KBRGB_GColorScenery                  0x2000015c   Data         138  MG32x02z_RGB_API.o(.bss.API_KBRGB_GColorScenery)
    API_KBRGB_RColorScenery                  0x20000270   Data         138  MG32x02z_RGB_API.o(.bss.API_KBRGB_RColorScenery)
    API_KB_ActDrama                          0x20000384   Data         552  MG32x02z_RGB_API.o(.bss.API_KB_ActDrama)
    API_RGB_CTR                              0x20000610   Data          84  MG32x02z_RGB_API.o(.bss.API_RGB_CTR)
    __initial_sp                             0x20000a90   Data           0  startup_MG32x02z.o(STACK)



==============================================================================

Memory Map of the image

  Image Entry point : 0x000000c1

  Load Region LR_IROM1 (Base: 0x00000000, Size: 0x00003590, Max: 0x00020000, ABSOLUTE)

    Execution Region ER_IROM1 (Exec base: 0x00000000, Load base: 0x00000000, Size: 0x00003548, Max: 0x00020000, ABSOLUTE)

    Exec Addr    Load Addr    Size         Type   Attr      Idx    E Section Name        Object

    0x00000000   0x00000000   0x000000c0   Data   RO            3    RESET               startup_MG32x02z.o
    0x000000c0   0x000000c0   0x00000000   Code   RO         2168  * .ARM.Collect$$$$00000000  mc_p.l(entry.o)
    0x000000c0   0x000000c0   0x00000004   Code   RO         2223    .ARM.Collect$$$$00000001  mc_p.l(entry2.o)
    0x000000c4   0x000000c4   0x00000004   Code   RO         2226    .ARM.Collect$$$$00000004  mc_p.l(entry5.o)
    0x000000c8   0x000000c8   0x00000000   Code   RO         2228    .ARM.Collect$$$$00000008  mc_p.l(entry7b.o)
    0x000000c8   0x000000c8   0x00000000   Code   RO         2230    .ARM.Collect$$$$0000000A  mc_p.l(entry8b.o)
    0x000000c8   0x000000c8   0x00000008   Code   RO         2231    .ARM.Collect$$$$0000000B  mc_p.l(entry9a.o)
    0x000000d0   0x000000d0   0x00000000   Code   RO         2233    .ARM.Collect$$$$0000000D  mc_p.l(entry10a.o)
    0x000000d0   0x000000d0   0x00000000   Code   RO         2235    .ARM.Collect$$$$0000000F  mc_p.l(entry11a.o)
    0x000000d0   0x000000d0   0x00000004   Code   RO         2224    .ARM.Collect$$$$00002712  mc_p.l(entry2.o)
    0x000000d4   0x000000d4   0x0000003c   Code   RO            4    .text               startup_MG32x02z.o
    0x00000110   0x00000110   0x00000024   Code   RO         2177    .text               mc_p.l(memseta.o)
    0x00000134   0x00000134   0x00000164   Code   RO         2209    .text               mf_p.l(dadd.o)
    0x00000298   0x00000298   0x000000d0   Code   RO         2211    .text               mf_p.l(dmul.o)
    0x00000368   0x00000368   0x0000003e   Code   RO         2244    .text               mc_p.l(uidiv_div0.o)
    0x000003a6   0x000003a6   0x00000060   Code   RO         2250    .text               mc_p.l(uldiv.o)
    0x00000406   0x00000406   0x00000020   Code   RO         2252    .text               mc_p.l(llshl.o)
    0x00000426   0x00000426   0x00000026   Code   RO         2254    .text               mc_p.l(llsshr.o)
    0x0000044c   0x0000044c   0x00000000   Code   RO         2256    .text               mc_p.l(iusefp.o)
    0x0000044c   0x0000044c   0x000000be   Code   RO         2257    .text               mf_p.l(depilogue.o)
    0x0000050a   0x0000050a   0x00000002   PAD
    0x0000050c   0x0000050c   0x000000f0   Code   RO         2261    .text               mf_p.l(ddiv.o)
    0x000005fc   0x000005fc   0x00000040   Code   RO         2263    .text               mf_p.l(dfixul.o)
    0x0000063c   0x0000063c   0x00000028   Code   RO         2265    .text               mf_p.l(cdrcmple.o)
    0x00000664   0x00000664   0x00000030   Code   RO         2267    .text               mc_p.l(init.o)
    0x00000694   0x00000694   0x00000000   Code   RO         2269    .text               mc_p.l(semi.o)
    0x00000694   0x00000694   0x00000022   Code   RO         2270    .text               mc_p.l(llushr.o)
    0x000006b6   0x000006b6   0x00000000   Code   RO         2272    .text               mc_p.l(iusesemip.o)
    0x000006b6   0x000006b6   0x00000002   PAD
    0x000006b8   0x000006b8   0x00000024   Code   RO         2061    .text.API_AllRGB_OFF  MG32x02z_RGB_API.o
    0x000006dc   0x000006dc   0x00000030   Code   RO         2126    .text.API_MBIA045_EnableWriteConfiguration_Trigger  MG32x02z_RGB_MBIA045_API.o
    0x0000070c   0x0000070c   0x00000080   Code   RO         2136    .text.API_MBIA045_GlobalLatch_Trigger  MG32x02z_RGB_MBIA045_API.o
    0x0000078c   0x0000078c   0x00000094   Code   RO         2128    .text.API_MBIA045_WriteConfiguration_Trigger  MG32x02z_RGB_MBIA045_API.o
    0x00000820   0x00000820   0x0000001c   Code   RO         2120    .text.API_RGBLedControlParameter_Init  MG32x02z_RGB_MBIA045_API.o
    0x0000083c   0x0000083c   0x0000002c   Code   RO         2118    .text.API_RGBLedDriverData_DeInit  MG32x02z_RGB_MBIA045_API.o
    0x00000868   0x00000868   0x00000124   Code   RO         2122    .text.API_RGBLed_Init  MG32x02z_RGB_MBIA045_API.o
    0x0000098c   0x0000098c   0x000000b0   Code   RO         2065    .text.API_RGB_ControlParameter_Init  MG32x02z_RGB_API.o
    0x00000a3c   0x00000a3c   0x00000084   Code   RO         2063    .text.API_RGB_Data_DeInit  MG32x02z_RGB_API.o
    0x00000ac0   0x00000ac0   0x00000304   Code   RO         2067    .text.API_RGB_Init  MG32x02z_RGB_API.o
    0x00000dc4   0x00000dc4   0x000002e4   Code   RO         2071    .text.API_RGB_Mode_Config  MG32x02z_RGB_API.o
    0x000010a8   0x000010a8   0x0000018c   Code   RO         2130    .text.API_RGB_UpdateDataTrigger  MG32x02z_RGB_MBIA045_API.o
    0x00001234   0x00001234   0x00000040   Code   RO         1981    .text.CSC_IHRCO_Enable  MG32x02z_CSC_Init.o
    0x00001274   0x00001274   0x000002b0   Code   RO         1987    .text.CSC_Init      MG32x02z_CSC_Init.o
    0x00001524   0x00001524   0x00000018   Code   RO         1997    .text.ChipInit      MG32x02z_ChipInit.o
    0x0000153c   0x0000153c   0x0000001e   Code   RO          506    .text.DMA_AutoIncreaseDestinationAddress  MG32x02z_DMA_DRV.o
    0x0000155a   0x0000155a   0x0000001e   Code   RO          504    .text.DMA_AutoIncreaseSourceAddress  MG32x02z_DMA_DRV.o
    0x00001578   0x00001578   0x0000005c   Code   RO          494    .text.DMA_BaseInitStructure_Init  MG32x02z_DMA_DRV.o
    0x000015d4   0x000015d4   0x00000192   Code   RO          496    .text.DMA_Base_Init  MG32x02z_DMA_DRV.o
    0x00001766   0x00001766   0x0000001e   Code   RO          532    .text.DMA_Channel_Cmd  MG32x02z_DMA_DRV.o
    0x00001784   0x00001784   0x00000024   Code   RO          520    .text.DMA_Cmd       MG32x02z_DMA_DRV.o
    0x000017a8   0x000017a8   0x0000001e   Code   RO          510    .text.DMA_Destination_Select  MG32x02z_DMA_DRV.o
    0x000017c6   0x000017c6   0x0000001e   Code   RO          502    .text.DMA_LoopMode_Cmd  MG32x02z_DMA_DRV.o
    0x000017e4   0x000017e4   0x0000001e   Code   RO          512    .text.DMA_SetBurstSize  MG32x02z_DMA_DRV.o
    0x00001802   0x00001802   0x00000010   Code   RO          518    .text.DMA_SetDestinationAddress  MG32x02z_DMA_DRV.o
    0x00001812   0x00001812   0x0000001e   Code   RO          500    .text.DMA_SetExtTriggerMode  MG32x02z_DMA_DRV.o
    0x00001830   0x00001830   0x0000001e   Code   RO          498    .text.DMA_SetExtTriggerPin  MG32x02z_DMA_DRV.o
    0x0000184e   0x0000184e   0x00000010   Code   RO          516    .text.DMA_SetSourceAddress  MG32x02z_DMA_DRV.o
    0x0000185e   0x0000185e   0x00000010   Code   RO          514    .text.DMA_SetTransferDataNumber  MG32x02z_DMA_DRV.o
    0x0000186e   0x0000186e   0x0000001e   Code   RO          508    .text.DMA_Source_Select  MG32x02z_DMA_DRV.o
    0x0000188c   0x0000188c   0x00000012   Code   RO          685    .text.GPIO_ClearPortBit  MG32x02z_GPIO_DRV.o
    0x0000189e   0x0000189e   0x00000002   PAD
    0x000018a0   0x000018a0   0x00000034   Code   RO         2005    .text.GPIO_Init     MG32x02z_GPIO_Init.o
    0x000018d4   0x000018d4   0x000000b2   Code   RO          661    .text.GPIO_PortMode_Config  MG32x02z_GPIO_DRV.o
    0x00001986   0x00001986   0x00000012   Code   RO          683    .text.GPIO_SetPortBit  MG32x02z_GPIO_DRV.o
    0x00001998   0x00001998   0x00000100   Code   RO         2018    .text.HardFault_Handler_C  system_MG32x02z.o
    0x00001a98   0x00001a98   0x0000010c   Code   RO         2132    .text.SPI0_IRQHandler  MG32x02z_RGB_MBIA045_API.o
    0x00001ba4   0x00001ba4   0x00000010   Code   RO         1155    .text.SPI_ClearFlag  MG32x02z_SPI_DRV.o
    0x00001bb4   0x00001bb4   0x00000012   Code   RO         1099    .text.SPI_ClearRxData  MG32x02z_SPI_DRV.o
    0x00001bc6   0x00001bc6   0x00000012   Code   RO         1105    .text.SPI_ClearTxData  MG32x02z_SPI_DRV.o
    0x00001bd8   0x00001bd8   0x0000001e   Code   RO         1091    .text.SPI_ClockPhase_Select  MG32x02z_SPI_DRV.o
    0x00001bf6   0x00001bf6   0x0000001e   Code   RO         1093    .text.SPI_ClockPolarity_Select  MG32x02z_SPI_DRV.o
    0x00001c14   0x00001c14   0x0000001e   Code   RO         1087    .text.SPI_Cmd       MG32x02z_SPI_DRV.o
    0x00001c32   0x00001c32   0x0000002c   Code   RO         1121    .text.SPI_DataLineOutput_Cmd  MG32x02z_SPI_DRV.o
    0x00001c5e   0x00001c5e   0x0000001e   Code   RO         1119    .text.SPI_DataLine_Select  MG32x02z_SPI_DRV.o
    0x00001c7c   0x00001c7c   0x0000001e   Code   RO         1117    .text.SPI_DataSize_Select  MG32x02z_SPI_DRV.o
    0x00001c9a   0x00001c9a   0x00000002   PAD
    0x00001c9c   0x00001c9c   0x00000030   Code   RO         1047    .text.SPI_DeInit    MG32x02z_SPI_DRV.o
    0x00001ccc   0x00001ccc   0x0000001e   Code   RO         1055    .text.SPI_Divider_Select  MG32x02z_SPI_DRV.o
    0x00001cea   0x00001cea   0x0000001e   Code   RO         1095    .text.SPI_FirstBit_Select  MG32x02z_SPI_DRV.o
    0x00001d08   0x00001d08   0x0000001e   Code   RO         1159    .text.SPI_ITEA_Cmd  MG32x02z_SPI_DRV.o
    0x00001d26   0x00001d26   0x0000002e   Code   RO         1157    .text.SPI_IT_Config  MG32x02z_SPI_DRV.o
    0x00001d54   0x00001d54   0x0000001e   Code   RO         1137    .text.SPI_IdleStateDataMode_Select  MG32x02z_SPI_DRV.o
    0x00001d72   0x00001d72   0x0000001e   Code   RO         1133    .text.SPI_LoopBackMode_Cmd  MG32x02z_SPI_DRV.o
    0x00001d90   0x00001d90   0x0000001c   Code   RO         1165    .text.SPI_MasterDataOutIdleState_Select  MG32x02z_SPI_DRV.o
    0x00001dac   0x00001dac   0x00000022   Code   RO         1063    .text.SPI_ModeAndNss_Select  MG32x02z_SPI_DRV.o
    0x00001dce   0x00001dce   0x00000030   Code   RO         1075    .text.SPI_NssInputOutputSoftwareControl_Cmd  MG32x02z_SPI_DRV.o
    0x00001dfe   0x00001dfe   0x0000001e   Code   RO         1051    .text.SPI_PreDivider_Select  MG32x02z_SPI_DRV.o
    0x00001e1c   0x00001e1c   0x0000001e   Code   RO         1053    .text.SPI_Prescaler_Select  MG32x02z_SPI_DRV.o
    0x00001e3a   0x00001e3a   0x0000001e   Code   RO         1163    .text.SPI_SlaveAsynchronous_Cmd  MG32x02z_SPI_DRV.o
    0x00001e58   0x00001e58   0x0000001e   Code   RO         1115    .text.SPI_SlaveModeReceivedThreshold_Select  MG32x02z_SPI_DRV.o
    0x00001e76   0x00001e76   0x00000002   PAD
    0x00001e78   0x00001e78   0x00000010   Code   RO         2016    .text.SystemInit    system_MG32x02z.o
    0x00001e88   0x00001e88   0x00000084   Code   RO         2073    .text.TM10_IRQHandler  MG32x02z_RGB_API.o
    0x00001f0c   0x00001f0c   0x00000022   Code   RO         1387    .text.TM_CH1Function_Config  MG32x02z_TM_DRV.o
    0x00001f2e   0x00001f2e   0x00000022   Code   RO         1389    .text.TM_CH2Function_Config  MG32x02z_TM_DRV.o
    0x00001f50   0x00001f50   0x00000010   Code   RO         1511    .text.TM_ClearFlag  MG32x02z_TM_DRV.o
    0x00001f60   0x00001f60   0x0000001e   Code   RO         1493    .text.TM_ControlPWM_Cmd  MG32x02z_TM_DRV.o
    0x00001f7e   0x00001f7e   0x0000001e   Code   RO         1205    .text.TM_CounterClock_Select  MG32x02z_TM_DRV.o
    0x00001f9c   0x00001f9c   0x0000001c   Code   RO         1201    .text.TM_Counter_Config  MG32x02z_TM_DRV.o
    0x00001fb8   0x00001fb8   0x0000007c   Code   RO         1193    .text.TM_DeInit     MG32x02z_TM_DRV.o
    0x00002034   0x00002034   0x0000001e   Code   RO         1505    .text.TM_ITEA_Cmd   MG32x02z_TM_DRV.o
    0x00002052   0x00002052   0x0000002e   Code   RO         1503    .text.TM_IT_Config  MG32x02z_TM_DRV.o
    0x00002080   0x00002080   0x00000022   Code   RO         1335    .text.TM_InverseOC2N_Cmd  MG32x02z_TM_DRV.o
    0x000020a2   0x000020a2   0x00000022   Code   RO         1311    .text.TM_OC10Output_Cmd  MG32x02z_TM_DRV.o
    0x000020c4   0x000020c4   0x00000046   Code   RO         1305    .text.TM_OC1zOutputState_Init  MG32x02z_TM_DRV.o
    0x0000210a   0x0000210a   0x00000022   Code   RO         1337    .text.TM_OC2NOutput_Cmd  MG32x02z_TM_DRV.o
    0x0000212c   0x0000212c   0x00000046   Code   RO         1329    .text.TM_OC2OutputState_Init  MG32x02z_TM_DRV.o
    0x00002172   0x00002172   0x0000001c   Code   RO         1207    .text.TM_PrescalerClock_Select  MG32x02z_TM_DRV.o
    0x0000218e   0x0000218e   0x0000001c   Code   RO         1199    .text.TM_Prescaler_Config  MG32x02z_TM_DRV.o
    0x000021aa   0x000021aa   0x0000001e   Code   RO         1497    .text.TM_RepetitionCounterClock_Select  MG32x02z_TM_DRV.o
    0x000021c8   0x000021c8   0x0000001e   Code   RO         1491    .text.TM_RepetitionCounter_Cmd  MG32x02z_TM_DRV.o
    0x000021e6   0x000021e6   0x00000020   Code   RO         1495    .text.TM_RepetitionCounter_Config  MG32x02z_TM_DRV.o
    0x00002206   0x00002206   0x00000014   Code   RO         1453    .text.TM_SetCC1B    MG32x02z_TM_DRV.o
    0x0000221a   0x0000221a   0x00000014   Code   RO         1455    .text.TM_SetCC2B    MG32x02z_TM_DRV.o
    0x0000222e   0x0000222e   0x0000001e   Code   RO         1211    .text.TM_SetCounterDirection  MG32x02z_TM_DRV.o
    0x0000224c   0x0000224c   0x0000001e   Code   RO         1209    .text.TM_SetInternalClockDivider  MG32x02z_TM_DRV.o
    0x0000226a   0x0000226a   0x0000001c   Code   RO         1213    .text.TM_SetPrescalerDirection  MG32x02z_TM_DRV.o
    0x00002286   0x00002286   0x0000001e   Code   RO         1245    .text.TM_TRGICounter_Select  MG32x02z_TM_DRV.o
    0x000022a4   0x000022a4   0x0000001e   Code   RO         1247    .text.TM_TRGIPrescaler_Select  MG32x02z_TM_DRV.o
    0x000022c2   0x000022c2   0x0000002c   Code   RO         1195    .text.TM_TimeBaseStruct_Init  MG32x02z_TM_DRV.o
    0x000022ee   0x000022ee   0x00000094   Code   RO         1197    .text.TM_TimeBase_Init  MG32x02z_TM_DRV.o
    0x00002382   0x00002382   0x0000001e   Code   RO         1203    .text.TM_TimerMode_Select  MG32x02z_TM_DRV.o
    0x000023a0   0x000023a0   0x0000002c   Code   RO         1233    .text.TM_Timer_Cmd  MG32x02z_TM_DRV.o
    0x000023cc   0x000023cc   0x0000001c   Code   RO         1243    .text.TM_TriggerSource_Select  MG32x02z_TM_DRV.o
    0x000023e8   0x000023e8   0x00000100   Code   RO         2134    .text.URT123_IRQHandler  MG32x02z_RGB_MBIA045_API.o
    0x000024e8   0x000024e8   0x00000020   Code   RO         1598    .text.URT_BaudRateGenerator_Cmd  MG32x02z_URT_DRV.o
    0x00002508   0x00002508   0x0000004c   Code   RO         1582    .text.URT_BaudRateGenerator_Config  MG32x02z_URT_DRV.o
    0x00002554   0x00002554   0x00000022   Code   RO         1580    .text.URT_Cmd       MG32x02z_URT_DRV.o
    0x00002576   0x00002576   0x0000005a   Code   RO         1560    .text.URT_DataCharacter_Config  MG32x02z_URT_DRV.o
    0x000025d0   0x000025d0   0x00000022   Code   RO         1538    .text.URT_ITEA_Cmd  MG32x02z_URT_DRV.o
    0x000025f2   0x000025f2   0x00000020   Code   RO         1534    .text.URT_IT_Config  MG32x02z_URT_DRV.o
    0x00002612   0x00002612   0x0000001c   Code   RO         1610    .text.URT_RXClockSource_Select  MG32x02z_URT_DRV.o
    0x0000262e   0x0000262e   0x00000022   Code   RO         1616    .text.URT_RXOverSamplingMode_Select  MG32x02z_URT_DRV.o
    0x00002650   0x00002650   0x0000002e   Code   RO         1614    .text.URT_RXOverSamplingSampleNumber_Select  MG32x02z_URT_DRV.o
    0x0000267e   0x0000267e   0x00000024   Code   RO         1572    .text.URT_RX_Cmd    MG32x02z_URT_DRV.o
    0x000026a2   0x000026a2   0x0000001c   Code   RO         1608    .text.URT_TXClockSource_Select  MG32x02z_URT_DRV.o
    0x000026be   0x000026be   0x00000026   Code   RO         1576    .text.URT_TXInverse_Cmd  MG32x02z_URT_DRV.o
    0x000026e4   0x000026e4   0x0000002e   Code   RO         1612    .text.URT_TXOverSamplingSampleNumber_Select  MG32x02z_URT_DRV.o
    0x00002712   0x00002712   0x00000024   Code   RO         1570    .text.URT_TX_Cmd    MG32x02z_URT_DRV.o
    0x00002736   0x00002736   0x00000002   PAD
    0x00002738   0x00002738   0x00000028   Code   RO         2069    .text.__NVIC_EnableIRQ  MG32x02z_RGB_API.o
    0x00002760   0x00002760   0x0000002c   Code   RO         2124    .text.__NVIC_EnableIRQ  MG32x02z_RGB_MBIA045_API.o
    0x0000278c   0x0000278c   0x00000018   Code   RO         2160    .text.main          main.o
    0x000027a4   0x000027a4   0x00000020   Code   RO         2182    i.__0printf         mc_p.l(printfa.o)
    0x000027c4   0x000027c4   0x0000002e   Code   RO         2259    i.__ARM_clz         mf_p.l(depilogue.o)
    0x000027f2   0x000027f2   0x0000000e   Code   RO         2275    i.__scatterload_copy  mc_p.l(handlers.o)
    0x00002800   0x00002800   0x00000002   Code   RO         2276    i.__scatterload_null  mc_p.l(handlers.o)
    0x00002802   0x00002802   0x0000000e   Code   RO         2277    i.__scatterload_zeroinit  mc_p.l(handlers.o)
    0x00002810   0x00002810   0x00000174   Code   RO         2189    i._fp_digits        mc_p.l(printfa.o)
    0x00002984   0x00002984   0x000006ec   Code   RO         2190    i._printf_core      mc_p.l(printfa.o)
    0x00003070   0x00003070   0x00000020   Code   RO         2191    i._printf_post_padding  mc_p.l(printfa.o)
    0x00003090   0x00003090   0x0000002c   Code   RO         2192    i._printf_pre_padding  mc_p.l(printfa.o)
    0x000030bc   0x000030bc   0x00000012   Code   RO         2237    i.fputc             mc_p.l(fputc.o)
    0x000030ce   0x000030ce   0x00000114   Data   RO         2051    .rodata.API_KBRGBDefault_BColorTable  MG32x02z_RGBTable_API.o
    0x000031e2   0x000031e2   0x00000114   Data   RO         2050    .rodata.API_KBRGBDefault_GColorTable  MG32x02z_RGBTable_API.o
    0x000032f6   0x000032f6   0x00000114   Data   RO         2049    .rodata.API_KBRGBDefault_RColorTable  MG32x02z_RGBTable_API.o
    0x0000340a   0x0000340a   0x00000006   Data   RO         2054    .rodata.API_KBRGBDemo_BColorTable  MG32x02z_RGBTable_API.o
    0x00003410   0x00003410   0x00000006   Data   RO         2053    .rodata.API_KBRGBDemo_GColorTable  MG32x02z_RGBTable_API.o
    0x00003416   0x00003416   0x00000006   Data   RO         2052    .rodata.API_KBRGBDemo_RColorTable  MG32x02z_RGBTable_API.o
    0x0000341c   0x0000341c   0x00000050   Data   RO         1989    .rodata.CSC_InitConfig  MG32x02z_CSC_Init.o
    0x0000346c   0x0000346c   0x00000004   Data   RO         2007    .rodata.GPIO_CFG    MG32x02z_GPIO_Init.o
    0x00003470   0x00003470   0x000000b7   Data   RO         2037    .rodata.str1.1      system_MG32x02z.o
    0x00003527   0x00003527   0x00000001   PAD
    0x00003528   0x00003528   0x00000020   Data   RO         2274    Region$$Table       anon$$obj.o


    Execution Region RW_IRAM1 (Exec base: 0x20000000, Load base: 0x00003548, Size: 0x00000a90, Max: 0x00003800, ABSOLUTE)

    Exec Addr    Load Addr    Size         Type   Attr      Idx    E Section Name        Object

    0x20000000   0x00003548   0x00000004   Data   RW         2241    .data               mc_p.l(stdout.o)
    0x20000004   0x0000354c   0x0000002d   Data   RW         2047    .data.API_RGB_DOT_TABLE  MG32x02z_RGBTable_API.o
    0x20000031   0x00003579   0x00000011   Data   RW         2149    .data.LED_RainTable  MG32x02z_RGB_MBIA045_API.o
    0x20000042   0x0000358a   0x00000002   PAD
    0x20000044   0x0000358c   0x00000004   Data   RW         2028    .data.SystemCoreClock  system_MG32x02z.o
    0x20000048        -       0x0000008a   Zero   RW         2104    .bss.API_KBRGB_BColorScenery  MG32x02z_RGB_API.o
    0x200000d2        -       0x0000008a   Zero   RW         2108    .bss.API_KBRGB_BColorSceneryTable  MG32x02z_RGB_API.o
    0x2000015c        -       0x0000008a   Zero   RW         2103    .bss.API_KBRGB_GColorScenery  MG32x02z_RGB_API.o
    0x200001e6        -       0x0000008a   Zero   RW         2107    .bss.API_KBRGB_GColorSceneryTable  MG32x02z_RGB_API.o
    0x20000270        -       0x0000008a   Zero   RW         2102    .bss.API_KBRGB_RColorScenery  MG32x02z_RGB_API.o
    0x200002fa        -       0x0000008a   Zero   RW         2106    .bss.API_KBRGB_RColorSceneryTable  MG32x02z_RGB_API.o
    0x20000384        -       0x00000228   Zero   RW         2101    .bss.API_KB_ActDrama  MG32x02z_RGB_API.o
    0x200005ac        -       0x00000060   Zero   RW         2142    .bss.API_LED_UpdateDataBuf  MG32x02z_RGB_MBIA045_API.o
    0x2000060c        -       0x00000001   Zero   RW         2143    .bss.API_LED_pUpdateDataBuf  MG32x02z_RGB_MBIA045_API.o
    0x2000060d   0x00003590   0x00000003   PAD
    0x20000610        -       0x00000054   Zero   RW         2105    .bss.API_RGB_CTR    MG32x02z_RGB_API.o
    0x20000664        -       0x00000004   Zero   RW         2034    .bss.HardFault_Handler_C.stacked_lr  system_MG32x02z.o
    0x20000668        -       0x00000004   Zero   RW         2035    .bss.HardFault_Handler_C.stacked_pc  system_MG32x02z.o
    0x2000066c        -       0x00000004   Zero   RW         2036    .bss.HardFault_Handler_C.stacked_psr  system_MG32x02z.o
    0x20000670        -       0x00000004   Zero   RW         2029    .bss.HardFault_Handler_C.stacked_r0  system_MG32x02z.o
    0x20000674        -       0x00000004   Zero   RW         2030    .bss.HardFault_Handler_C.stacked_r1  system_MG32x02z.o
    0x20000678        -       0x00000004   Zero   RW         2033    .bss.HardFault_Handler_C.stacked_r12  system_MG32x02z.o
    0x2000067c        -       0x00000004   Zero   RW         2031    .bss.HardFault_Handler_C.stacked_r2  system_MG32x02z.o
    0x20000680        -       0x00000004   Zero   RW         2032    .bss.HardFault_Handler_C.stacked_r3  system_MG32x02z.o
    0x20000684        -       0x00000001   Zero   RW         2145    .bss.LED_DataLatch_LastBit  MG32x02z_RGB_MBIA045_API.o
    0x20000685        -       0x00000001   Zero   RW         2144    .bss.LED_DataLatch_Tmp  MG32x02z_RGB_MBIA045_API.o
    0x20000686        -       0x00000001   Zero   RW         2148    .bss.LED_RainCNT    MG32x02z_RGB_MBIA045_API.o
    0x20000687        -       0x00000001   Zero   RW         2146    .bss.LED_RainDelay  MG32x02z_RGB_MBIA045_API.o
    0x20000688        -       0x00000001   Zero   RW         2147    .bss.LED_RainUpdateEvent  MG32x02z_RGB_MBIA045_API.o
    0x20000689   0x00003590   0x00000007   PAD
    0x20000690        -       0x00000400   Zero   RW            1    STACK               startup_MG32x02z.o


==============================================================================

Image component sizes


      Code (inc. data)   RO Data    RW Data    ZI Data      Debug   Object Name

       752        112         80          0          0       9314   MG32x02z_CSC_Init.o
        24          4          0          0          0       1902   MG32x02z_ChipInit.o
       848          4          0          0          0      17898   MG32x02z_DMA_DRV.o
       214          0          0          0          0       8611   MG32x02z_GPIO_DRV.o
        52          4          4          0          0       1061   MG32x02z_GPIO_Init.o
         0          0        846         45          0       1225   MG32x02z_RGBTable_API.o
      2028        132          0          0       1464      30059   MG32x02z_RGB_API.o
      1652        252          0         17        102      28533   MG32x02z_RGB_MBIA045_API.o
       720          8          0          0          0      15223   MG32x02z_SPI_DRV.o
      1244          4          0          0          0      35883   MG32x02z_TM_DRV.o
       590          4          0          0          0      31207   MG32x02z_URT_DRV.o
        24          0          0          0          0        584   main.o
        60         12        192          0       1024        908   startup_MG32x02z.o
       272         80        183          4         32       4757   system_MG32x02z.o

    ----------------------------------------------------------------------
      8488        616       1338         68       2632     187165   Object Totals
         0          0         32          0          0          0   (incl. Generated)
         8          0          1          2         10          0   (incl. Padding)

    ----------------------------------------------------------------------

      Code (inc. data)   RO Data    RW Data    ZI Data      Debug   Library Member Name

         0          0          0          0          0          0   entry.o
         0          0          0          0          0          0   entry10a.o
         0          0          0          0          0          0   entry11a.o
         8          4          0          0          0          0   entry2.o
         4          0          0          0          0          0   entry5.o
         0          0          0          0          0          0   entry7b.o
         0          0          0          0          0          0   entry8b.o
         8          4          0          0          0          0   entry9a.o
        18          0          0          0          0         72   fputc.o
        30          0          0          0          0          0   handlers.o
        48         10          0          0          0         68   init.o
         0          0          0          0          0          0   iusefp.o
         0          0          0          0          0          0   iusesemip.o
        32          0          0          0          0         68   llshl.o
        38          0          0          0          0         68   llsshr.o
        34          0          0          0          0         68   llushr.o
        36          0          0          0          0        100   memseta.o
      2252         98          0          0          0        412   printfa.o
         0          0          0          0          0          0   semi.o
         0          0          0          4          0          0   stdout.o
        62          0          0          0          0         72   uidiv_div0.o
        96          0          0          0          0         84   uldiv.o
        40          2          0          0          0         68   cdrcmple.o
       356          4          0          0          0        140   dadd.o
       240          6          0          0          0         84   ddiv.o
       236          0          0          0          0        216   depilogue.o
        64         10          0          0          0         68   dfixul.o
       208          6          0          0          0         88   dmul.o

    ----------------------------------------------------------------------
      3814        144          0          4          0       1676   Library Totals
         4          0          0          0          0          0   (incl. Padding)

    ----------------------------------------------------------------------

      Code (inc. data)   RO Data    RW Data    ZI Data      Debug   Library Name

      2666        116          0          4          0       1012   mc_p.l
      1144         28          0          0          0        664   mf_p.l

    ----------------------------------------------------------------------
      3814        144          0          4          0       1676   Library Totals

    ----------------------------------------------------------------------

==============================================================================


      Code (inc. data)   RO Data    RW Data    ZI Data      Debug   

     12302        760       1338         72       2632     187973   Grand Totals
     12302        760       1338         72       2632     187973   ELF Image Totals
     12302        760       1338         72          0          0   ROM Totals

==============================================================================

    Total RO  Size (Code + RO Data)                13640 (  13.32kB)
    Total RW  Size (RW Data + ZI Data)              2704 (   2.64kB)
    Total ROM Size (Code + RO Data + RW Data)      13712 (  13.39kB)

==============================================================================

